~/singular-learning-theory/code/python ~/singular-learning-theory/code/python/jobs/2025_07_18
N=100, Draws=1000, Chains=2, Cores=10, Tune=1000.
Running on: hpc-pr3-01
2025-07-18T14:02:26-04:00
Loaded observations for n=100
Running on PyMC v5.23.0
Created a tempered 3 normal mixture with 1 inverse temperature scale
            weights ~ Dirichlet(<constant>)
                mus ~ MultivariateNormal(f(), f())
               like ~ MarginalMixture(weights, Normal(mus, 1))
tempered_likelihood ~ Potential(f(weights, mus))
False
Loaded observations for n=100
Running on PyMC v5.23.0
Created a tempered 3 normal mixture with 1 inverse temperature scale
            weights ~ Dirichlet(<constant>)
                mus ~ MultivariateNormal(f(), f())
               like ~ MarginalMixture(weights, Normal(mus, 1))
tempered_likelihood ~ Potential(f(weights, mus))
False
Chain 0 tunning. 250 samples so far in 4.87 seconds
Chain 1 tunning. 250 samples so far in 5.22 seconds
Chain 1 tunning. 500 samples so far in 9.52 seconds
Chain 0 tunning. 500 samples so far in 9.88 seconds
Chain 1 tunning. 750 samples so far in 14.05 seconds
Chain 0 tunning. 750 samples so far in 14.30 seconds
Chain 1 tunning. 1000 samples so far in 18.72 seconds
Chain 0 tunning. 1000 samples so far in 18.98 seconds
Chain 0 sampling. 1250 samples so far in 23.74 seconds
Chain 1 tunning. 250 samples so far in 4.93 seconds
Chain 0 tunning. 250 samples so far in 5.28 seconds
Chain 1 tunning. 500 samples so far in 9.19 seconds
Chain 0 tunning. 500 samples so far in 9.36 seconds
Chain 0 tunning. 750 samples so far in 13.99 seconds
Chain 1 tunning. 750 samples so far in 14.08 seconds
Chain 0 tunning. 1000 samples so far in 18.51 seconds
Chain 1 tunning. 1000 samples so far in 19.44 seconds
Chain 0 sampling. 1250 samples so far in 23.22 seconds
