Loaded observations for n=5000
Running on PyMC v5.23.0
Created a tempered 3 normal mixture with 1 inverse temperature scale
            weights ~ Dirichlet(<constant>)
                mus ~ MultivariateNormal(f(), f())
               like ~ MarginalMixture(weights, Normal(mus, 1))
tempered_likelihood ~ Potential(f(weights, mus))
False
Chain 9 tunning. 250 samples so far in 280.51 seconds
Chain 5 tunning. 250 samples so far in 291.66 seconds
Chain 8 tunning. 250 samples so far in 291.81 seconds
Chain 1 tunning. 250 samples so far in 293.82 seconds
Chain 3 tunning. 250 samples so far in 294.61 seconds
Chain 0 tunning. 250 samples so far in 295.86 seconds
Chain 2 tunning. 250 samples so far in 299.10 seconds
Chain 4 tunning. 250 samples so far in 300.83 seconds
Chain 6 tunning. 250 samples so far in 308.38 seconds
Chain 7 tunning. 250 samples so far in 310.79 seconds
Chain 4 tunning. 500 samples so far in 588.11 seconds
Chain 2 tunning. 500 samples so far in 590.42 seconds
Chain 3 tunning. 500 samples so far in 607.23 seconds
Chain 8 tunning. 500 samples so far in 620.37 seconds
Chain 0 tunning. 500 samples so far in 623.82 seconds
Chain 6 tunning. 500 samples so far in 633.24 seconds
Chain 1 tunning. 500 samples so far in 638.06 seconds
Chain 5 tunning. 500 samples so far in 645.10 seconds
Chain 7 tunning. 500 samples so far in 644.98 seconds
Chain 9 tunning. 500 samples so far in 656.49 seconds
Chain 2 tunning. 750 samples so far in 904.97 seconds
Chain 4 tunning. 750 samples so far in 949.95 seconds
Chain 6 tunning. 750 samples so far in 954.44 seconds
Chain 0 tunning. 750 samples so far in 961.11 seconds
Chain 5 tunning. 750 samples so far in 967.27 seconds
Chain 3 tunning. 750 samples so far in 978.85 seconds
Chain 7 tunning. 750 samples so far in 1008.87 seconds
Chain 8 tunning. 750 samples so far in 1019.30 seconds
Chain 9 tunning. 750 samples so far in 1032.88 seconds
Chain 1 tunning. 750 samples so far in 1041.75 seconds
Chain 2 tunning. 1000 samples so far in 1253.26 seconds
Chain 0 tunning. 1000 samples so far in 1294.14 seconds
Chain 4 tunning. 1000 samples so far in 1309.48 seconds
Chain 6 tunning. 1000 samples so far in 1310.89 seconds
Chain 5 tunning. 1000 samples so far in 1322.31 seconds
Chain 7 tunning. 1000 samples so far in 1362.99 seconds
Chain 9 tunning. 1000 samples so far in 1363.36 seconds
Chain 8 tunning. 1000 samples so far in 1380.11 seconds
Chain 1 tunning. 1000 samples so far in 1395.39 seconds
Chain 3 tunning. 1000 samples so far in 1401.71 seconds
Chain 2 tunning. 1250 samples so far in 1655.66 seconds
Chain 0 tunning. 1250 samples so far in 1692.11 seconds
Chain 6 tunning. 1250 samples so far in 1697.25 seconds
Chain 4 tunning. 1250 samples so far in 1701.66 seconds
Chain 5 tunning. 1250 samples so far in 1705.17 seconds
Chain 7 tunning. 1250 samples so far in 1706.47 seconds
Chain 9 tunning. 1250 samples so far in 1710.50 seconds
Chain 1 tunning. 1250 samples so far in 1744.53 seconds
Chain 8 tunning. 1250 samples so far in 1749.18 seconds
Chain 3 tunning. 1250 samples so far in 1760.02 seconds
Chain 2 tunning. 1500 samples so far in 2029.52 seconds
Chain 9 tunning. 1500 samples so far in 2071.22 seconds
Chain 6 tunning. 1500 samples so far in 2080.25 seconds
Chain 0 tunning. 1500 samples so far in 2084.87 seconds
Chain 5 tunning. 1500 samples so far in 2087.87 seconds
Chain 4 tunning. 1500 samples so far in 2089.20 seconds
Chain 3 tunning. 1500 samples so far in 2114.31 seconds
Chain 7 tunning. 1500 samples so far in 2124.76 seconds
Chain 8 tunning. 1500 samples so far in 2138.48 seconds
Chain 1 tunning. 1500 samples so far in 2144.52 seconds
Chain 2 tunning. 1750 samples so far in 2407.74 seconds
Chain 9 tunning. 1750 samples so far in 2444.08 seconds
Chain 0 tunning. 1750 samples so far in 2470.94 seconds
Chain 5 tunning. 1750 samples so far in 2474.43 seconds
Chain 8 tunning. 1750 samples so far in 2481.45 seconds
Chain 4 tunning. 1750 samples so far in 2484.71 seconds
Chain 3 tunning. 1750 samples so far in 2506.61 seconds
Chain 6 tunning. 1750 samples so far in 2509.29 seconds
Chain 7 tunning. 1750 samples so far in 2527.03 seconds
Chain 1 tunning. 1750 samples so far in 2549.56 seconds
Chain 9 tunning. 2000 samples so far in 2812.74 seconds
Chain 2 tunning. 2000 samples so far in 2829.35 seconds
Chain 4 tunning. 2000 samples so far in 2848.41 seconds
Chain 5 tunning. 2000 samples so far in 2863.23 seconds
Chain 0 tunning. 2000 samples so far in 2869.07 seconds
Chain 7 tunning. 2000 samples so far in 2895.79 seconds
Chain 8 tunning. 2000 samples so far in 2901.66 seconds
Chain 6 tunning. 2000 samples so far in 2910.62 seconds
Chain 3 tunning. 2000 samples so far in 2920.75 seconds
Chain 1 tunning. 2000 samples so far in 2937.09 seconds
Chain 9 tunning. 2250 samples so far in 3214.99 seconds
Chain 2 tunning. 2250 samples so far in 3229.18 seconds
Chain 4 tunning. 2250 samples so far in 3243.88 seconds
Chain 0 tunning. 2250 samples so far in 3255.41 seconds
Chain 5 tunning. 2250 samples so far in 3258.17 seconds
Chain 7 tunning. 2250 samples so far in 3270.78 seconds
Chain 8 tunning. 2250 samples so far in 3272.19 seconds
Chain 6 tunning. 2250 samples so far in 3305.26 seconds
Chain 1 tunning. 2250 samples so far in 3329.75 seconds
Chain 3 tunning. 2250 samples so far in 3342.86 seconds
Chain 4 tunning. 2500 samples so far in 3625.32 seconds
Chain 9 tunning. 2500 samples so far in 3626.78 seconds
Chain 5 tunning. 2500 samples so far in 3639.96 seconds
Chain 2 tunning. 2500 samples so far in 3642.50 seconds
Chain 8 tunning. 2500 samples so far in 3664.44 seconds
Chain 0 tunning. 2500 samples so far in 3673.38 seconds
Chain 7 tunning. 2500 samples so far in 3693.88 seconds
Chain 6 tunning. 2500 samples so far in 3724.60 seconds
Chain 1 tunning. 2500 samples so far in 3731.96 seconds
Chain 3 tunning. 2500 samples so far in 3816.76 seconds
Chain 4 tunning. 2750 samples so far in 4006.54 seconds
Chain 2 tunning. 2750 samples so far in 4019.84 seconds
Chain 5 tunning. 2750 samples so far in 4035.21 seconds
Chain 9 tunning. 2750 samples so far in 4056.43 seconds
Chain 8 tunning. 2750 samples so far in 4071.48 seconds
Chain 7 tunning. 2750 samples so far in 4076.85 seconds
Chain 0 tunning. 2750 samples so far in 4096.65 seconds
Chain 6 tunning. 2750 samples so far in 4144.28 seconds
Chain 1 tunning. 2750 samples so far in 4160.25 seconds
Chain 3 tunning. 2750 samples so far in 4221.55 seconds
Chain 4 tunning. 3000 samples so far in 4398.82 seconds
Chain 2 tunning. 3000 samples so far in 4406.02 seconds
Chain 5 tunning. 3000 samples so far in 4470.21 seconds
Chain 8 tunning. 3000 samples so far in 4493.09 seconds
Chain 9 tunning. 3000 samples so far in 4500.44 seconds
Chain 0 tunning. 3000 samples so far in 4513.33 seconds
Chain 7 tunning. 3000 samples so far in 4524.44 seconds
Chain 6 tunning. 3000 samples so far in 4574.83 seconds
Chain 1 tunning. 3000 samples so far in 4576.18 seconds
Chain 3 tunning. 3000 samples so far in 4596.10 seconds
Chain 2 tunning. 3250 samples so far in 4791.62 seconds
Chain 4 tunning. 3250 samples so far in 4833.47 seconds
Chain 5 tunning. 3250 samples so far in 4862.59 seconds
Chain 9 tunning. 3250 samples so far in 4870.91 seconds
Chain 8 tunning. 3250 samples so far in 4883.61 seconds
Chain 6 tunning. 3250 samples so far in 4970.18 seconds
Chain 0 tunning. 3250 samples so far in 4982.83 seconds
Chain 7 tunning. 3250 samples so far in 4986.49 seconds
Chain 1 tunning. 3250 samples so far in 5025.50 seconds
Chain 3 tunning. 3250 samples so far in 5026.24 seconds
Chain 4 tunning. 3500 samples so far in 5227.87 seconds
Chain 2 tunning. 3500 samples so far in 5237.36 seconds
Chain 9 tunning. 3500 samples so far in 5262.91 seconds
Chain 5 tunning. 3500 samples so far in 5283.17 seconds
Chain 8 tunning. 3500 samples so far in 5305.92 seconds
Chain 6 tunning. 3500 samples so far in 5352.84 seconds
Chain 0 tunning. 3500 samples so far in 5363.77 seconds
Chain 7 tunning. 3500 samples so far in 5417.71 seconds
Chain 1 tunning. 3500 samples so far in 5438.87 seconds
Chain 3 tunning. 3500 samples so far in 5482.48 seconds
Chain 2 tunning. 3750 samples so far in 5621.45 seconds
Chain 4 tunning. 3750 samples so far in 5654.19 seconds
Chain 9 tunning. 3750 samples so far in 5657.26 seconds
Chain 5 tunning. 3750 samples so far in 5717.76 seconds
Chain 8 tunning. 3750 samples so far in 5786.62 seconds
Chain 6 tunning. 3750 samples so far in 5790.81 seconds
Chain 7 tunning. 3750 samples so far in 5822.13 seconds
Chain 0 tunning. 3750 samples so far in 5822.57 seconds
Chain 1 tunning. 3750 samples so far in 5854.81 seconds
Chain 3 tunning. 3750 samples so far in 5890.28 seconds
Chain 2 tunning. 4000 samples so far in 6010.43 seconds
Chain 9 tunning. 4000 samples so far in 6077.69 seconds
Chain 4 tunning. 4000 samples so far in 6084.30 seconds
Chain 5 tunning. 4000 samples so far in 6188.90 seconds
Chain 8 tunning. 4000 samples so far in 6191.61 seconds
Chain 6 tunning. 4000 samples so far in 6212.96 seconds
Chain 7 tunning. 4000 samples so far in 6234.14 seconds
Chain 0 tunning. 4000 samples so far in 6235.25 seconds
Chain 3 tunning. 4000 samples so far in 6281.56 seconds
Chain 1 tunning. 4000 samples so far in 6289.87 seconds
Chain 2 sampling. 4250 samples so far in 6404.84 seconds
