~/singular-learning-theory/code/python ~/singular-learning-theory/code/python/jobs/2025_07_18
N=100, Draws=1000, Chains=2, Cores=10, Tune=1000.
Running on: hpc-pr3-01
2025-07-18T13:58:19-04:00
Loaded observations for n=100
Running on PyMC v5.23.0
Created a tempered 3 normal mixture with 1 inverse temperature scale
            weights ~ Dirichlet(<constant>)
                mus ~ MultivariateNormal(f(), f())
               like ~ MarginalMixture(weights, Normal(mus, 1))
tempered_likelihood ~ Potential(f(weights, mus))
False
Loaded observations for n=100
Running on PyMC v5.23.0
Created a tempered 3 normal mixture with 1 inverse temperature scale
            weights ~ Dirichlet(<constant>)
                mus ~ MultivariateNormal(f(), f())
               like ~ MarginalMixture(weights, Normal(mus, 1))
tempered_likelihood ~ Potential(f(weights, mus))
False
Loaded observations for n=100
Running on PyMC v5.23.0
Created a tempered 3 normal mixture with 1 inverse temperature scale
            weights ~ Dirichlet(<constant>)
                mus ~ MultivariateNormal(f(), f())
               like ~ MarginalMixture(weights, Normal(mus, 1))
tempered_likelihood ~ Potential(f(weights, mus))
False
Loaded observations for n=100
Running on PyMC v5.23.0
Created a tempered 3 normal mixture with 1 inverse temperature scale
            weights ~ Dirichlet(<constant>)
                mus ~ MultivariateNormal(f(), f())
               like ~ MarginalMixture(weights, Normal(mus, 1))
tempered_likelihood ~ Potential(f(weights, mus))
False
Loaded observations for n=100
Running on PyMC v5.23.0
Created a tempered 3 normal mixture with 1 inverse temperature scale
            weights ~ Dirichlet(<constant>)
                mus ~ MultivariateNormal(f(), f())
               like ~ MarginalMixture(weights, Normal(mus, 1))
tempered_likelihood ~ Potential(f(weights, mus))
False
Loaded observations for n=100
Running on PyMC v5.23.0
Created a tempered 3 normal mixture with 1 inverse temperature scale
            weights ~ Dirichlet(<constant>)
                mus ~ MultivariateNormal(f(), f())
               like ~ MarginalMixture(weights, Normal(mus, 1))
tempered_likelihood ~ Potential(f(weights, mus))
False
Chain 1 tunning. 250 samples so far in 4.81 seconds
Chain 0 tunning. 250 samples so far in 5.50 seconds
Chain 1 tunning. 500 samples so far in 9.15 seconds
Chain 0 tunning. 500 samples so far in 10.21 seconds
Chain 1 tunning. 750 samples so far in 13.55 seconds
Chain 0 tunning. 750 samples so far in 14.24 seconds
Chain 0 tunning. 1000 samples so far in 18.60 seconds
Chain 1 tunning. 1000 samples so far in 18.78 seconds
Chain 0 sampling. 1250 samples so far in 23.14 seconds
Chain 0 tunning. 250 samples so far in 4.43 seconds
Chain 1 tunning. 250 samples so far in 5.08 seconds
Chain 0 tunning. 500 samples so far in 8.55 seconds
Chain 1 tunning. 500 samples so far in 9.40 seconds
Chain 0 tunning. 750 samples so far in 12.81 seconds
Chain 1 tunning. 750 samples so far in 14.01 seconds
Chain 0 tunning. 1000 samples so far in 17.54 seconds
Chain 1 tunning. 1000 samples so far in 18.52 seconds
Chain 0 sampling. 1250 samples so far in 22.70 seconds
Chain 1 tunning. 250 samples so far in 5.01 seconds
Chain 0 tunning. 250 samples so far in 5.52 seconds
Chain 1 tunning. 500 samples so far in 9.49 seconds
Chain 0 tunning. 500 samples so far in 10.27 seconds
Chain 1 tunning. 750 samples so far in 14.63 seconds
Chain 0 tunning. 750 samples so far in 14.88 seconds
Chain 1 tunning. 1000 samples so far in 19.36 seconds
Chain 0 tunning. 1000 samples so far in 19.84 seconds
Chain 1 sampling. 1250 samples so far in 23.79 seconds
Chain 0 tunning. 250 samples so far in 5.36 seconds
Chain 1 tunning. 250 samples so far in 5.44 seconds
Chain 1 tunning. 500 samples so far in 9.41 seconds
Chain 0 tunning. 500 samples so far in 10.03 seconds
Chain 1 tunning. 750 samples so far in 14.68 seconds
Chain 0 tunning. 750 samples so far in 15.11 seconds
Chain 1 tunning. 1000 samples so far in 19.30 seconds
Chain 0 tunning. 1000 samples so far in 19.78 seconds
Chain 1 sampling. 1250 samples so far in 23.90 seconds
Chain 0 tunning. 250 samples so far in 5.31 seconds
Chain 1 tunning. 250 samples so far in 5.75 seconds
Chain 1 tunning. 500 samples so far in 10.11 seconds
Chain 0 tunning. 500 samples so far in 10.56 seconds
Chain 1 tunning. 750 samples so far in 14.67 seconds
Chain 0 tunning. 750 samples so far in 15.16 seconds
Chain 1 tunning. 1000 samples so far in 19.42 seconds
Chain 0 tunning. 1000 samples so far in 19.78 seconds
Chain 1 sampling. 1250 samples so far in 24.01 seconds
Chain 0 tunning. 250 samples so far in 5.13 seconds
Chain 1 tunning. 250 samples so far in 6.09 seconds
Chain 0 tunning. 500 samples so far in 9.58 seconds
Chain 1 tunning. 500 samples so far in 10.32 seconds
Chain 0 tunning. 750 samples so far in 14.35 seconds
Chain 1 tunning. 750 samples so far in 15.85 seconds
Chain 0 tunning. 1000 samples so far in 19.02 seconds
Chain 1 tunning. 1000 samples so far in 20.65 seconds
Chain 0 sampling. 1250 samples so far in 23.37 seconds
