Initializing NUTS using jitter+adapt_diag...
Multiprocess sampling (10 chains in 10 jobs)
NUTS: [weights, mus, like]
╭───────────────────── Traceback (most recent call last) ──────────────────────╮
│ /mnt/hpc/work/kdruscit/singular-learning-theory/code/python/estimation/mixno │
│ rm/ksigma/main.py:92 in rlctx                                                │
│                                                                              │
│    89 │   idata = None                                                       │
│    90 │   with model:                                                        │
│    91 │   │   print(pymc_progressbar)                                        │
│ ❱  92 │   │   idata = pm.sample(draws=pymc_draws,                            │
│    93 │   │   │   │   │   │     tune=pymc_tune,                              │
│    94 │   │   │   │   │   │     chains=pymc_chains,                          │
│    95 │   │   │   │   │   │     cores=pymc_cores,                            │
│                                                                              │
│ ╭───────────────────────────────── locals ─────────────────────────────────╮ │
│ │                     az = <module 'arviz' from                            │ │
│ │                          '/mnt/hpc/work/kdruscit/singular-learning-theo… │ │
│ │                  idata = None                                            │ │
│ │ invtemp_scaling_factor = 1                                               │ │
│ │ mean_prior_cov_scaling = 4.0                                             │ │
│ │     mixture_components = 3                                               │ │
│ │                  model = <pymc.model.core.Model object at                │ │
│ │                          0x7fa4c6fef250>                                 │ │
│ │                      n = 5000                                            │ │
│ │                     np = <module 'numpy' from                            │ │
│ │                          '/mnt/hpc/work/kdruscit/singular-learning-theo… │ │
│ │                pathstr = 'estimation/mixnorm/ksigma/data/observations/n… │ │
│ │                     pm = <module 'pymc' from                             │ │
│ │                          '/mnt/hpc/work/kdruscit/singular-learning-theo… │ │
│ │                     pt = <module 'pytensor' from                         │ │
│ │                          '/mnt/hpc/work/kdruscit/singular-learning-theo… │ │
│ │            pymc_chains = 10                                              │ │
│ │             pymc_cores = 10                                              │ │
│ │             pymc_draws = 10000                                           │ │
│ │       pymc_progressbar = False                                           │ │
│ │              pymc_tune = 4000                                            │ │
│ │              targetdir = '.'                                             │ │
│ │                 x_data = array([-2.08301361, -1.66598833, -0.92153221,   │ │
│ │                          ..., -1.54854251,                               │ │
│ │                          │      -0.3472007 ,  1.91303055],               │ │
│ │                          shape=(5000,))                                  │ │
│ ╰──────────────────────────────────────────────────────────────────────────╯ │
│                                                                              │
│ /mnt/hpc/work/kdruscit/singular-learning-theory/code/python/.venv/lib/python │
│ 3.10/site-packages/pymc/sampling/mcmc.py:935 in sample                       │
│                                                                              │
│    932 │   │   _log.info(f"Multiprocess sampling ({chains} chains in {cores} │
│    933 │   │   _print_step_hierarchy(step)                                   │
│    934 │   │   try:                                                          │
│ ❱  935 │   │   │   _mp_sample(**sample_args, **parallel_args)                │
│    936 │   │   except pickle.PickleError:                                    │
│    937 │   │   │   _log.warning("Could not pickle model, sampling singlethre │
│    938 │   │   │   _log.debug("Pickling error:", exc_info=True)              │
│                                                                              │
│ ╭───────────────────────────────── locals ─────────────────────────────────╮ │
│ │                 blas_cores = 10                                          │ │
│ │                   callback = <estimation.mixnorm.ksigma.pymc_tools.Clus… │ │
│ │                              object at 0x7fa4c064e260>                   │ │
│ │                     chains = 10                                          │ │
│ │             compile_kwargs = None                                        │ │
│ │ compute_convergence_checks = True                                        │ │
│ │                      cores = 10                                          │ │
│ │      discard_tuned_samples = True                                        │ │
│ │                      draws = 10000                                       │ │
│ │             exclusive_nuts = True                                        │ │
│ │    has_population_samplers = np.False_                                   │ │
│ │               idata_kwargs = None                                        │ │
│ │                       init = 'auto'                                      │ │
│ │             initial_points = [                                           │ │
│ │                              │   {                                       │ │
│ │                              │   │   'weights_simplex__': array([        │ │
│ │                              0.6794296 , -0.71191843]),                  │ │
│ │                              │   │   'mus': array([-0.81912951,          │ │
│ │                              -0.99366254,  0.95348484]),                 │ │
│ │                              │   │   'like': array(-1.11642039)          │ │
│ │                              │   },                                      │ │
│ │                              │   {                                       │ │
│ │                              │   │   'weights_simplex__':                │ │
│ │                              array([-0.03205641, -0.8222679 ]),          │ │
│ │                              │   │   'mus': array([ 0.5300415 ,          │ │
│ │                              -0.29643563, -0.47257686]),                 │ │
│ │                              │   │   'like': array(-0.38591339)          │ │
│ │                              │   },                                      │ │
│ │                              │   {                                       │ │
│ │                              │   │   'weights_simplex__': array([        │ │
│ │                              0.14080933, -0.58983666]),                  │ │
│ │                              │   │   'mus': array([ 0.16052747,          │ │
│ │                              0.30486312, -0.07954842]),                  │ │
│ │                              │   │   'like': array(-0.54107707)          │ │
│ │                              │   },                                      │ │
│ │                              │   {                                       │ │
│ │                              │   │   'weights_simplex__':                │ │
│ │                              array([-0.96924741,  0.44094838]),          │ │
│ │                              │   │   'mus': array([ 0.83290066,          │ │
│ │                              -0.66413408,  0.45210533]),                 │ │
│ │                              │   │   'like': array(-0.47840882)          │ │
│ │                              │   },                                      │ │
│ │                              │   {                                       │ │
│ │                              │   │   'weights_simplex__':                │ │
│ │                              array([-0.97926303,  0.99160522]),          │ │
│ │                              │   │   'mus': array([ 0.26785862,          │ │
│ │                              0.01910608, -0.03832311]),                  │ │
│ │                              │   │   'like': array(0.34578882)           │ │
│ │                              │   },                                      │ │
│ │                              │   {                                       │ │
│ │                              │   │   'weights_simplex__':                │ │
│ │                              array([-0.70067051,  0.87080756]),          │ │
│ │                              │   │   'mus': array([ 0.61540463,          │ │
│ │                              -0.42412092,  0.26299022]),                 │ │
│ │                              │   │   'like': array(0.10537314)           │ │
│ │                              │   },                                      │ │
│ │                              │   {                                       │ │
│ │                              │   │   'weights_simplex__':                │ │
│ │                              array([-0.24954021,  0.63364478]),          │ │
│ │                              │   │   'mus': array([-0.21160229,          │ │
│ │                              -0.35540615,  0.2743382 ]),                 │ │
│ │                              │   │   'like': array(-0.09533643)          │ │
│ │                              │   },                                      │ │
│ │                              │   {                                       │ │
│ │                              │   │   'weights_simplex__':                │ │
│ │                              array([-0.92252998, -0.54353433]),          │ │
│ │                              │   │   'mus': array([ 0.53202659,          │ │
│ │                              -0.598873  , -0.85649351]),                 │ │
│ │                              │   │   'like': array(-0.51461625)          │ │
│ │                              │   },                                      │ │
│ │                              │   {                                       │ │
│ │                              │   │   'weights_simplex__':                │ │
│ │                              array([0.03062127, 0.55807862]),            │ │
│ │                              │   │   'mus': array([-0.72226601,          │ │
│ │                              -0.26383847, -0.04013367]),                 │ │
│ │                              │   │   'like': array(-0.26608602)          │ │
│ │                              │   },                                      │ │
│ │                              │   {                                       │ │
│ │                              │   │   'weights_simplex__':                │ │
│ │                              array([-0.37006471,  0.26052945]),          │ │
│ │                              │   │   'mus': array([-0.30432683,          │ │
│ │                              0.57313568,  0.76143325]),                  │ │
│ │                              │   │   'like': array(1.00759851)           │ │
│ │                              │   }                                       │ │
│ │                              ]                                           │ │
│ │                   initvals = None                                        │ │
│ │         jitter_max_retries = 10                                          │ │
│ │          keep_warning_stat = False                                       │ │
│ │                     kwargs = {                                           │ │
│ │                              │   'max_treedepth': 50,                    │ │
│ │                              │   'target_accept': 0.995                  │ │
│ │                              }                                           │ │
│ │                      model = <pymc.model.core.Model object at            │ │
│ │                              0x7fa4c6fef250>                             │ │
│ │                     mp_ctx = None                                        │ │
│ │                     n_init = 200000                                      │ │
│ │   num_blas_cores_per_chain = 1                                           │ │
│ │                nuts_kwargs = {'target_accept': 0.995}                    │ │
│ │               nuts_sampler = 'pymc'                                      │ │
│ │        nuts_sampler_kwargs = {}                                          │ │
│ │                   parallel = True                                        │ │
│ │              parallel_args = {'mp_ctx': None, 'blas_cores': 1}           │ │
│ │              progress_bool = False                                       │ │
│ │                progressbar = False                                       │ │
│ │          progressbar_theme = None                                        │ │
│ │             provided_steps = []                                          │ │
│ │                random_seed = None                                        │ │
│ │           random_seed_list = [                                           │ │
│ │                              │   np.int64(751821879),                    │ │
│ │                              │   np.int64(933230574),                    │ │
│ │                              │   np.int64(459133790),                    │ │
│ │                              │   np.int64(277971636),                    │ │
│ │                              │   np.int64(708117236),                    │ │
│ │                              │   np.int64(198360109),                    │ │
│ │                              │   np.int64(229990286),                    │ │
│ │                              │   np.int64(58885980),                     │ │
│ │                              │   np.int64(343182281),                    │ │
│ │                              │   np.int64(925472537)                     │ │
│ │                              ]                                           │ │
│ │       return_inferencedata = True                                        │ │
│ │                       rngs = [                                           │ │
│ │                              │   Generator(PCG64) at 0x7FA4C6F36420,     │ │
│ │                              │   Generator(PCG64) at 0x7FA4C6F36340,     │ │
│ │                              │   Generator(PCG64) at 0x7FA4C6F360A0,     │ │
│ │                              │   Generator(PCG64) at 0x7FA4C6F36180,     │ │
│ │                              │   Generator(PCG64) at 0x7FA4C6F35EE0,     │ │
│ │                              │   Generator(PCG64) at 0x7FA4C6F35FC0,     │ │
│ │                              │   Generator(PCG64) at 0x7FA4C6F35A80,     │ │
│ │                              │   Generator(PCG64) at 0x7FA4C6F35D20,     │ │
│ │                              │   Generator(PCG64) at 0x7FA4C6F35B60,     │ │
│ │                              │   Generator(PCG64) at 0x7FA4C6F35E00      │ │
│ │                              ]                                           │ │
│ │                        run = None                                        │ │
│ │                sample_args = {                                           │ │
│ │                              │   'draws': 14000,                         │ │
│ │                              │   'step':                                 │ │
│ │                              <pymc.step_methods.hmc.nuts.NUTS object at  │ │
│ │                              0x7fa4b4f97d30>,                            │ │
│ │                              │   'start': [                              │ │
│ │                              │   │   {                                   │ │
│ │                              │   │   │   'weights_simplex__': array([    │ │
│ │                              0.6794296 , -0.71191843]),                  │ │
│ │                              │   │   │   'mus': array([-0.81912951,      │ │
│ │                              -0.99366254,  0.95348484]),                 │ │
│ │                              │   │   │   'like': array(-1.11642039)      │ │
│ │                              │   │   },                                  │ │
│ │                              │   │   {                                   │ │
│ │                              │   │   │   'weights_simplex__':            │ │
│ │                              array([-0.03205641, -0.8222679 ]),          │ │
│ │                              │   │   │   'mus': array([ 0.5300415 ,      │ │
│ │                              -0.29643563, -0.47257686]),                 │ │
│ │                              │   │   │   'like': array(-0.38591339)      │ │
│ │                              │   │   },                                  │ │
│ │                              │   │   {                                   │ │
│ │                              │   │   │   'weights_simplex__': array([    │ │
│ │                              0.14080933, -0.58983666]),                  │ │
│ │                              │   │   │   'mus': array([ 0.16052747,      │ │
│ │                              0.30486312, -0.07954842]),                  │ │
│ │                              │   │   │   'like': array(-0.54107707)      │ │
│ │                              │   │   },                                  │ │
│ │                              │   │   {                                   │ │
│ │                              │   │   │   'weights_simplex__':            │ │
│ │                              array([-0.96924741,  0.44094838]),          │ │
│ │                              │   │   │   'mus': array([ 0.83290066,      │ │
│ │                              -0.66413408,  0.45210533]),                 │ │
│ │                              │   │   │   'like': array(-0.47840882)      │ │
│ │                              │   │   },                                  │ │
│ │                              │   │   {                                   │ │
│ │                              │   │   │   'weights_simplex__':            │ │
│ │                              array([-0.97926303,  0.99160522]),          │ │
│ │                              │   │   │   'mus': array([ 0.26785862,      │ │
│ │                              0.01910608, -0.03832311]),                  │ │
│ │                              │   │   │   'like': array(0.34578882)       │ │
│ │                              │   │   },                                  │ │
│ │                              │   │   {                                   │ │
│ │                              │   │   │   'weights_simplex__':            │ │
│ │                              array([-0.70067051,  0.87080756]),          │ │
│ │                              │   │   │   'mus': array([ 0.61540463,      │ │
│ │                              -0.42412092,  0.26299022]),                 │ │
│ │                              │   │   │   'like': array(0.10537314)       │ │
│ │                              │   │   },                                  │ │
│ │                              │   │   {                                   │ │
│ │                              │   │   │   'weights_simplex__':            │ │
│ │                              array([-0.24954021,  0.63364478]),          │ │
│ │                              │   │   │   'mus': array([-0.21160229,      │ │
│ │                              -0.35540615,  0.2743382 ]),                 │ │
│ │                              │   │   │   'like': array(-0.09533643)      │ │
│ │                              │   │   },                                  │ │
│ │                              │   │   {                                   │ │
│ │                              │   │   │   'weights_simplex__':            │ │
│ │                              array([-0.92252998, -0.54353433]),          │ │
│ │                              │   │   │   'mus': array([ 0.53202659,      │ │
│ │                              -0.598873  , -0.85649351]),                 │ │
│ │                              │   │   │   'like': array(-0.51461625)      │ │
│ │                              │   │   },                                  │ │
│ │                              │   │   {                                   │ │
│ │                              │   │   │   'weights_simplex__':            │ │
│ │                              array([0.03062127, 0.55807862]),            │ │
│ │                              │   │   │   'mus': array([-0.72226601,      │ │
│ │                              -0.26383847, -0.04013367]),                 │ │
│ │                              │   │   │   'like': array(-0.26608602)      │ │
│ │                              │   │   },                                  │ │
│ │                              │   │   {                                   │ │
│ │                              │   │   │   'weights_simplex__':            │ │
│ │                              array([-0.37006471,  0.26052945]),          │ │
│ │                              │   │   │   'mus': array([-0.30432683,      │ │
│ │                              0.57313568,  0.76143325]),                  │ │
│ │                              │   │   │   'like': array(1.00759851)       │ │
│ │                              │   │   }                                   │ │
│ │                              │   ],                                      │ │
│ │                              │   'traces': [                             │ │
│ │                              │   │   <pymc.backends.ndarray.NDArray      │ │
│ │                              object at 0x7fa4b4f95000>,                  │ │
│ │                              │   │   <pymc.backends.ndarray.NDArray      │ │
│ │                              object at 0x7fa4b4cba350>,                  │ │
│ │                              │   │   <pymc.backends.ndarray.NDArray      │ │
│ │                              object at 0x7fa4b4b4d510>,                  │ │
│ │                              │   │   <pymc.backends.ndarray.NDArray      │ │
│ │                              object at 0x7fa4b4b81ba0>,                  │ │
│ │                              │   │   <pymc.backends.ndarray.NDArray      │ │
│ │                              object at 0x7fa4b50927a0>,                  │ │
│ │                              │   │   <pymc.backends.ndarray.NDArray      │ │
│ │                              object at 0x7fa4b4b07070>,                  │ │
│ │                              │   │   <pymc.backends.ndarray.NDArray      │ │
│ │                              object at 0x7fa4b4bf6a10>,                  │ │
│ │                              │   │   <pymc.backends.ndarray.NDArray      │ │
│ │                              object at 0x7fa4b46d8370>,                  │ │
│ │                              │   │   <pymc.backends.ndarray.NDArray      │ │
│ │                              object at 0x7fa4b4683520>,                  │ │
│ │                              │   │   <pymc.backends.ndarray.NDArray      │ │
│ │                              object at 0x7fa4b46ff9d0>                   │ │
│ │                              │   ],                                      │ │
│ │                              │   'chains': 10,                           │ │
│ │                              │   'tune': 4000,                           │ │
│ │                              │   'var_names': None,                      │ │
│ │                              │   'progressbar': False,                   │ │
│ │                              │   'progressbar_theme': None,              │ │
│ │                              │   'model': <pymc.model.core.Model object  │ │
│ │                              at 0x7fa4c6fef250>,                         │ │
│ │                              │   ... +6                                  │ │
│ │                              }                                           │ │
│ │             selected_steps = {                                           │ │
│ │                              │   <class                                  │ │
│ │                              'pymc.step_methods.hmc.nuts.NUTS'>: [       │ │
│ │                              │   │   weights_simplex__,                  │ │
│ │                              │   │   mus,                                │ │
│ │                              │   │   like                                │ │
│ │                              │   ]                                       │ │
│ │                              }                                           │ │
│ │                       step = <pymc.step_methods.hmc.nuts.NUTS object at  │ │
│ │                              0x7fa4b4f97d30>                             │ │
│ │                    t_start = 1750272371.823651                           │ │
│ │                      trace = None                                        │ │
│ │                 trace_vars = None                                        │ │
│ │                     traces = [                                           │ │
│ │                              │   <pymc.backends.ndarray.NDArray object   │ │
│ │                              at 0x7fa4b4f95000>,                         │ │
│ │                              │   <pymc.backends.ndarray.NDArray object   │ │
│ │                              at 0x7fa4b4cba350>,                         │ │
│ │                              │   <pymc.backends.ndarray.NDArray object   │ │
│ │                              at 0x7fa4b4b4d510>,                         │ │
│ │                              │   <pymc.backends.ndarray.NDArray object   │ │
│ │                              at 0x7fa4b4b81ba0>,                         │ │
│ │                              │   <pymc.backends.ndarray.NDArray object   │ │
│ │                              at 0x7fa4b50927a0>,                         │ │
│ │                              │   <pymc.backends.ndarray.NDArray object   │ │
│ │                              at 0x7fa4b4b07070>,                         │ │
│ │                              │   <pymc.backends.ndarray.NDArray object   │ │
│ │                              at 0x7fa4b4bf6a10>,                         │ │
│ │                              │   <pymc.backends.ndarray.NDArray object   │ │
│ │                              at 0x7fa4b46d8370>,                         │ │
│ │                              │   <pymc.backends.ndarray.NDArray object   │ │
│ │                              at 0x7fa4b4683520>,                         │ │
│ │                              │   <pymc.backends.ndarray.NDArray object   │ │
│ │                              at 0x7fa4b46ff9d0>                          │ │
│ │                              ]                                           │ │
│ │                       tune = 4000                                        │ │
│ │                  var_names = None                                        │ │
│ ╰──────────────────────────────────────────────────────────────────────────╯ │
│                                                                              │
│ /mnt/hpc/work/kdruscit/singular-learning-theory/code/python/.venv/lib/python │
│ 3.10/site-packages/pymc/sampling/mcmc.py:1419 in _mp_sample                  │
│                                                                              │
│   1416 │   │   │   │   │   log_warning_stats(draw.stats)                     │
│   1417 │   │   │   │   │                                                     │
│   1418 │   │   │   │   │   if callback is not None:                          │
│ ❱ 1419 │   │   │   │   │   │   callback(trace=strace, draw=draw)             │
│   1420 │   │                                                                 │
│   1421 │   │   except ps.ParallelSamplingError as error:                     │
│   1422 │   │   │   for strace in traces:                                     │
│                                                                              │
│ ╭───────────────────────────────── locals ─────────────────────────────────╮ │
│ │        blas_cores = 1                                                    │ │
│ │          callback = <estimation.mixnorm.ksigma.pymc_tools.ClusterFriend… │ │
│ │                     object at 0x7fa4c064e260>                            │ │
│ │            chains = 10                                                   │ │
│ │             cores = 10                                                   │ │
│ │              draw = Draw(                                                │ │
│ │                     │   chain=2,                                         │ │
│ │                     │   is_last=False,                                   │ │
│ │                     │   draw_idx=4249,                                   │ │
│ │                     │   tuning=False,                                    │ │
│ │                     │   stats=[                                          │ │
│ │                     │   │   {                                            │ │
│ │                     │   │   │   'tune': False,                           │ │
│ │                     │   │   │   'diverging': False,                      │ │
│ │                     │   │   │   'perf_counter_diff': 0.690041066147387,  │ │
│ │                     │   │   │   'process_time_diff':                     │ │
│ │                     0.14244217199984632,                                 │ │
│ │                     │   │   │   'perf_counter_start': 4595716.71203825,  │ │
│ │                     │   │   │   'warning': None,                         │ │
│ │                     │   │   │   'depth': 7,                              │ │
│ │                     │   │   │   'mean_tree_accept':                      │ │
│ │                     np.float64(0.9984872666735115),                      │ │
│ │                     │   │   │   'energy_error':                          │ │
│ │                     np.float64(-0.0022874364951803727),                  │ │
│ │                     │   │   │   'energy': np.float64(844.8153021529954), │ │
│ │                     │   │   │   ... +9                                   │ │
│ │                     │   │   }                                            │ │
│ │                     │   ],                                               │ │
│ │                     │   point={                                          │ │
│ │                     │   │   'weights_simplex__': array([3.96447834,      │ │
│ │                     9.36212043]),                                        │ │
│ │                     │   │   'mus': array([-1.47311295,  0.03115012,      │ │
│ │                     1.09860822]),                                        │ │
│ │                     │   │   'like': array(-1.25560911)                   │ │
│ │                     │   }                                                │ │
│ │                     )                                                    │ │
│ │             draws = 10000                                                │ │
│ │            kwargs = {                                                    │ │
│ │                     │   'var_names': None,                               │ │
│ │                     │   'discard_tuned_samples': True,                   │ │
│ │                     │   'max_treedepth': 50,                             │ │
│ │                     │   'target_accept': 0.995                           │ │
│ │                     }                                                    │ │
│ │             model = <pymc.model.core.Model object at 0x7fa4c6fef250>     │ │
│ │            mp_ctx = None                                                 │ │
│ │       progressbar = False                                                │ │
│ │ progressbar_theme = None                                                 │ │
│ │                ps = <module 'pymc.sampling.parallel' from                │ │
│ │                     '/mnt/hpc/work/kdruscit/singular-learning-theory/co… │ │
│ │              rngs = [                                                    │ │
│ │                     │   Generator(PCG64) at 0x7FA4C6F36420,              │ │
│ │                     │   Generator(PCG64) at 0x7FA4C6F36340,              │ │
│ │                     │   Generator(PCG64) at 0x7FA4C6F360A0,              │ │
│ │                     │   Generator(PCG64) at 0x7FA4C6F36180,              │ │
│ │                     │   Generator(PCG64) at 0x7FA4C6F35EE0,              │ │
│ │                     │   Generator(PCG64) at 0x7FA4C6F35FC0,              │ │
│ │                     │   Generator(PCG64) at 0x7FA4C6F35A80,              │ │
│ │                     │   Generator(PCG64) at 0x7FA4C6F35D20,              │ │
│ │                     │   Generator(PCG64) at 0x7FA4C6F35B60,              │ │
│ │                     │   Generator(PCG64) at 0x7FA4C6F35E00               │ │
│ │                     ]                                                    │ │
│ │           sampler = <pymc.sampling.parallel.ParallelSampler object at    │ │
│ │                     0x7fa4bd18ae30>                                      │ │
│ │             start = [                                                    │ │
│ │                     │   {                                                │ │
│ │                     │   │   'weights_simplex__': array([ 0.6794296 ,     │ │
│ │                     -0.71191843]),                                       │ │
│ │                     │   │   'mus': array([-0.81912951, -0.99366254,      │ │
│ │                     0.95348484]),                                        │ │
│ │                     │   │   'like': array(-1.11642039)                   │ │
│ │                     │   },                                               │ │
│ │                     │   {                                                │ │
│ │                     │   │   'weights_simplex__': array([-0.03205641,     │ │
│ │                     -0.8222679 ]),                                       │ │
│ │                     │   │   'mus': array([ 0.5300415 , -0.29643563,      │ │
│ │                     -0.47257686]),                                       │ │
│ │                     │   │   'like': array(-0.38591339)                   │ │
│ │                     │   },                                               │ │
│ │                     │   {                                                │ │
│ │                     │   │   'weights_simplex__': array([ 0.14080933,     │ │
│ │                     -0.58983666]),                                       │ │
│ │                     │   │   'mus': array([ 0.16052747,  0.30486312,      │ │
│ │                     -0.07954842]),                                       │ │
│ │                     │   │   'like': array(-0.54107707)                   │ │
│ │                     │   },                                               │ │
│ │                     │   {                                                │ │
│ │                     │   │   'weights_simplex__': array([-0.96924741,     │ │
│ │                     0.44094838]),                                        │ │
│ │                     │   │   'mus': array([ 0.83290066, -0.66413408,      │ │
│ │                     0.45210533]),                                        │ │
│ │                     │   │   'like': array(-0.47840882)                   │ │
│ │                     │   },                                               │ │
│ │                     │   {                                                │ │
│ │                     │   │   'weights_simplex__': array([-0.97926303,     │ │
│ │                     0.99160522]),                                        │ │
│ │                     │   │   'mus': array([ 0.26785862,  0.01910608,      │ │
│ │                     -0.03832311]),                                       │ │
│ │                     │   │   'like': array(0.34578882)                    │ │
│ │                     │   },                                               │ │
│ │                     │   {                                                │ │
│ │                     │   │   'weights_simplex__': array([-0.70067051,     │ │
│ │                     0.87080756]),                                        │ │
│ │                     │   │   'mus': array([ 0.61540463, -0.42412092,      │ │
│ │                     0.26299022]),                                        │ │
│ │                     │   │   'like': array(0.10537314)                    │ │
│ │                     │   },                                               │ │
│ │                     │   {                                                │ │
│ │                     │   │   'weights_simplex__': array([-0.24954021,     │ │
│ │                     0.63364478]),                                        │ │
│ │                     │   │   'mus': array([-0.21160229, -0.35540615,      │ │
│ │                     0.2743382 ]),                                        │ │
│ │                     │   │   'like': array(-0.09533643)                   │ │
│ │                     │   },                                               │ │
│ │                     │   {                                                │ │
│ │                     │   │   'weights_simplex__': array([-0.92252998,     │ │
│ │                     -0.54353433]),                                       │ │
│ │                     │   │   'mus': array([ 0.53202659, -0.598873  ,      │ │
│ │                     -0.85649351]),                                       │ │
│ │                     │   │   'like': array(-0.51461625)                   │ │
│ │                     │   },                                               │ │
│ │                     │   {                                                │ │
│ │                     │   │   'weights_simplex__': array([0.03062127,      │ │
│ │                     0.55807862]),                                        │ │
│ │                     │   │   'mus': array([-0.72226601, -0.26383847,      │ │
│ │                     -0.04013367]),                                       │ │
│ │                     │   │   'like': array(-0.26608602)                   │ │
│ │                     │   },                                               │ │
│ │                     │   {                                                │ │
│ │                     │   │   'weights_simplex__': array([-0.37006471,     │ │
│ │                     0.26052945]),                                        │ │
│ │                     │   │   'mus': array([-0.30432683,  0.57313568,      │ │
│ │                     0.76143325]),                                        │ │
│ │                     │   │   'like': array(1.00759851)                    │ │
│ │                     │   }                                                │ │
│ │                     ]                                                    │ │
│ │              step = <pymc.step_methods.hmc.nuts.NUTS object at           │ │
│ │                     0x7fa4b4f97d30>                                      │ │
│ │            strace = <pymc.backends.ndarray.NDArray object at             │ │
│ │                     0x7fa4b46ff9d0>                                      │ │
│ │            traces = [                                                    │ │
│ │                     │   <pymc.backends.ndarray.NDArray object at         │ │
│ │                     0x7fa4b4f95000>,                                     │ │
│ │                     │   <pymc.backends.ndarray.NDArray object at         │ │
│ │                     0x7fa4b4cba350>,                                     │ │
│ │                     │   <pymc.backends.ndarray.NDArray object at         │ │
│ │                     0x7fa4b4b4d510>,                                     │ │
│ │                     │   <pymc.backends.ndarray.NDArray object at         │ │
│ │                     0x7fa4b4b81ba0>,                                     │ │
│ │                     │   <pymc.backends.ndarray.NDArray object at         │ │
│ │                     0x7fa4b50927a0>,                                     │ │
│ │                     │   <pymc.backends.ndarray.NDArray object at         │ │
│ │                     0x7fa4b4b07070>,                                     │ │
│ │                     │   <pymc.backends.ndarray.NDArray object at         │ │
│ │                     0x7fa4b4bf6a10>,                                     │ │
│ │                     │   <pymc.backends.ndarray.NDArray object at         │ │
│ │                     0x7fa4b46d8370>,                                     │ │
│ │                     │   <pymc.backends.ndarray.NDArray object at         │ │
│ │                     0x7fa4b4683520>,                                     │ │
│ │                     │   <pymc.backends.ndarray.NDArray object at         │ │
│ │                     0x7fa4b46ff9d0>                                      │ │
│ │                     ]                                                    │ │
│ │              tune = 4000                                                 │ │
│ │       zarr_chains = None                                                 │ │
│ │    zarr_recording = False                                                │ │
│ ╰──────────────────────────────────────────────────────────────────────────╯ │
│                                                                              │
│ /mnt/hpc/work/kdruscit/singular-learning-theory/code/python/estimation/mixno │
│ rm/ksigma/pymc_tools.py:45 in __call__                                       │
│                                                                              │
│   42 │   │   │   # print(trace.report)                                       │
│   43 │   │   │                                                               │
│   44 │   │   │   multitrace = MultiTrace(list(self.traces.values()))         │
│ ❱ 45 │   │   │   if rhat(multitrace).to_array().max() < self.max_rhat:       │
│   46 │   │   │   │   raise KeyboardInterrupt                                 │
│   47                                                                         │
│   48                                                                         │
│                                                                              │
│ ╭───────────────────────────────── locals ─────────────────────────────────╮ │
│ │   chain_id = 2                                                           │ │
│ │       draw = Draw(                                                       │ │
│ │              │   chain=2,                                                │ │
│ │              │   is_last=False,                                          │ │
│ │              │   draw_idx=4249,                                          │ │
│ │              │   tuning=False,                                           │ │
│ │              │   stats=[                                                 │ │
│ │              │   │   {                                                   │ │
│ │              │   │   │   'tune': False,                                  │ │
│ │              │   │   │   'diverging': False,                             │ │
│ │              │   │   │   'perf_counter_diff': 0.690041066147387,         │ │
│ │              │   │   │   'process_time_diff': 0.14244217199984632,       │ │
│ │              │   │   │   'perf_counter_start': 4595716.71203825,         │ │
│ │              │   │   │   'warning': None,                                │ │
│ │              │   │   │   'depth': 7,                                     │ │
│ │              │   │   │   'mean_tree_accept':                             │ │
│ │              np.float64(0.9984872666735115),                             │ │
│ │              │   │   │   'energy_error':                                 │ │
│ │              np.float64(-0.0022874364951803727),                         │ │
│ │              │   │   │   'energy': np.float64(844.8153021529954),        │ │
│ │              │   │   │   ... +9                                          │ │
│ │              │   │   }                                                   │ │
│ │              │   ],                                                      │ │
│ │              │   point={                                                 │ │
│ │              │   │   'weights_simplex__': array([3.96447834,             │ │
│ │              9.36212043]),                                               │ │
│ │              │   │   'mus': array([-1.47311295,  0.03115012,             │ │
│ │              1.09860822]),                                               │ │
│ │              │   │   'like': array(-1.25560911)                          │ │
│ │              │   }                                                       │ │
│ │              )                                                           │ │
│ │ multitrace = <MultiTrace: 10 chains, 4189 iterations, 4 variables>       │ │
│ │ perf_diffs = array([0.028792  , 0.06548707, 0.86421212, ..., 0.        , │ │
│ │              0.        ,                                                 │ │
│ │              │      0.        ], shape=(14000,))                         │ │
│ │       self = <estimation.mixnorm.ksigma.pymc_tools.ClusterFriendlyCallb… │ │
│ │              object at 0x7fa4c064e260>                                   │ │
│ │ total_time = np.float64(6404.843522831798)                               │ │
│ │      trace = <pymc.backends.ndarray.NDArray object at 0x7fa4b4b4d510>    │ │
│ ╰──────────────────────────────────────────────────────────────────────────╯ │
│                                                                              │
│ /mnt/hpc/work/kdruscit/singular-learning-theory/code/python/.venv/lib/python │
│ 3.10/site-packages/arviz/stats/diagnostics.py:334 in rhat                    │
│                                                                              │
│    331 │   │   )                                                             │
│    332 │   │   raise TypeError(msg)                                          │
│    333 │                                                                     │
│ ❱  334 │   dataset = convert_to_dataset(data, group="posterior")             │
│    335 │   var_names = _var_names(var_names, dataset)                        │
│    336 │                                                                     │
│    337 │   dataset = dataset if var_names is None else dataset[var_names]    │
│                                                                              │
│ ╭───────────────────────────────── locals ─────────────────────────────────╮ │
│ │ dask_kwargs = None                                                       │ │
│ │        data = <MultiTrace: 10 chains, 4189 iterations, 4 variables>      │ │
│ │      method = 'rank'                                                     │ │
│ │     methods = {                                                          │ │
│ │               │   'rank': <function _rhat_rank at 0x7fa4c1355e10>,       │ │
│ │               │   'split': <function _rhat_split at 0x7fa4c1355fc0>,     │ │
│ │               │   'folded': <function _rhat_folded at 0x7fa4c1355ea0>,   │ │
│ │               │   'z_scale': <function _rhat_z_scale at 0x7fa4c1355f30>, │ │
│ │               │   'identity': <function _rhat_identity at                │ │
│ │               0x7fa4c1356050>                                            │ │
│ │               }                                                          │ │
│ │   var_names = None                                                       │ │
│ ╰──────────────────────────────────────────────────────────────────────────╯ │
│                                                                              │
│ /mnt/hpc/work/kdruscit/singular-learning-theory/code/python/.venv/lib/python │
│ 3.10/site-packages/arviz/data/converters.py:185 in convert_to_dataset        │
│                                                                              │
│   182 │   -------                                                            │
│   183 │   xarray.Dataset                                                     │
│   184 │   """                                                                │
│ ❱ 185 │   inference_data = convert_to_inference_data(obj, group=group, coord │
│   186 │   dataset = getattr(inference_data, group, None)                     │
│   187 │   if dataset is None:                                                │
│   188 │   │   raise ValueError(                                              │
│                                                                              │
│ ╭──────────────────────────── locals ────────────────────────────╮           │
│ │ coords = None                                                  │           │
│ │   dims = None                                                  │           │
│ │  group = 'posterior'                                           │           │
│ │    obj = <MultiTrace: 10 chains, 4189 iterations, 4 variables> │           │
│ ╰────────────────────────────────────────────────────────────────╯           │
│                                                                              │
│ /mnt/hpc/work/kdruscit/singular-learning-theory/code/python/.venv/lib/python │
│ 3.10/site-packages/arviz/data/converters.py:139 in convert_to_inference_data │
│                                                                              │
│   136 │   │   │   "cmdstan fit csv filename",                                │
│   137 │   │   │   "cmdstanpy fit",                                           │
│   138 │   │   )                                                              │
│ ❱ 139 │   │   raise ValueError(                                              │
│   140 │   │   │   f'Can only convert {", ".join(allowable_types)} to Inferen │
│   141 │   │   │   f"not {obj.__class__.__name__}"                            │
│   142 │   │   )                                                              │
│                                                                              │
│ ╭───────────────────────────────── locals ─────────────────────────────────╮ │
│ │ allowable_types = (                                                      │ │
│ │                   │   'xarray dataarray',                                │ │
│ │                   │   'xarray dataset',                                  │ │
│ │                   │   'dict',                                            │ │
│ │                   │   "pytree (if 'dm-tree' is installed)",              │ │
│ │                   │   'netcdf filename',                                 │ │
│ │                   │   'numpy array',                                     │ │
│ │                   │   'pystan fit',                                      │ │
│ │                   │   'emcee fit',                                       │ │
│ │                   │   'pyro mcmc fit',                                   │ │
│ │                   │   'numpyro mcmc fit',                                │ │
│ │                   │   ... +2                                             │ │
│ │                   )                                                      │ │
│ │          coords = None                                                   │ │
│ │            dims = None                                                   │ │
│ │           group = 'posterior'                                            │ │
│ │          kwargs = {                                                      │ │
│ │                   │   'posterior': <MultiTrace: 10 chains, 4189          │ │
│ │                   iterations, 4 variables>,                              │ │
│ │                   │   'coords': None,                                    │ │
│ │                   │   'dims': None                                       │ │
│ │                   }                                                      │ │
│ │             obj = <MultiTrace: 10 chains, 4189 iterations, 4 variables>  │ │
│ ╰──────────────────────────────────────────────────────────────────────────╯ │
╰──────────────────────────────────────────────────────────────────────────────╯
ValueError: Can only convert xarray dataarray, xarray dataset, dict, pytree (if 
'dm-tree' is installed), netcdf filename, numpy array, pystan fit, emcee fit, 
pyro mcmc fit, numpyro mcmc fit, cmdstan fit csv filename, cmdstanpy fit to 
InferenceData, not MultiTrace
srun: error: hpc-pr3-02: task 0: Exited with exit code 1
