Loaded observations for n=1000
Running on PyMC v5.23.0
Created a tempered 3 normal mixture with 1 inverse temperature scale
            weights ~ Dirichlet(<constant>)
                mus ~ MultivariateNormal(f(), f())
               like ~ MarginalMixture(weights, Normal(mus, 1))
tempered_likelihood ~ Potential(f(weights, mus))
False
Chain 3 tunning. 250 samples so far in 102.72 seconds
Chain 11 tunning. 250 samples so far in 103.65 seconds
Chain 8 tunning. 250 samples so far in 106.26 seconds
Chain 10 tunning. 250 samples so far in 111.02 seconds
Chain 9 tunning. 250 samples so far in 111.75 seconds
Chain 12 tunning. 250 samples so far in 112.84 seconds
Chain 15 tunning. 250 samples so far in 115.80 seconds
Chain 0 tunning. 250 samples so far in 118.00 seconds
Chain 6 tunning. 250 samples so far in 119.33 seconds
Chain 5 tunning. 250 samples so far in 120.70 seconds
Chain 2 tunning. 250 samples so far in 120.80 seconds
Chain 1 tunning. 250 samples so far in 125.70 seconds
Chain 13 tunning. 250 samples so far in 126.54 seconds
Chain 7 tunning. 250 samples so far in 130.30 seconds
Chain 14 tunning. 250 samples so far in 130.69 seconds
Chain 4 tunning. 250 samples so far in 137.38 seconds
Chain 3 tunning. 500 samples so far in 206.27 seconds
Chain 9 tunning. 500 samples so far in 211.55 seconds
Chain 11 tunning. 500 samples so far in 214.24 seconds
Chain 10 tunning. 500 samples so far in 216.89 seconds
Chain 8 tunning. 500 samples so far in 224.48 seconds
Chain 6 tunning. 500 samples so far in 229.18 seconds
Chain 1 tunning. 500 samples so far in 230.41 seconds
Chain 12 tunning. 500 samples so far in 233.59 seconds
Chain 5 tunning. 500 samples so far in 237.54 seconds
Chain 0 tunning. 500 samples so far in 238.50 seconds
Chain 2 tunning. 500 samples so far in 238.32 seconds
Chain 14 tunning. 500 samples so far in 240.74 seconds
Chain 13 tunning. 500 samples so far in 242.41 seconds
Chain 15 tunning. 500 samples so far in 245.28 seconds
Chain 7 tunning. 500 samples so far in 248.60 seconds
Chain 4 tunning. 500 samples so far in 264.22 seconds
Chain 3 tunning. 750 samples so far in 321.32 seconds
Chain 9 tunning. 750 samples so far in 320.80 seconds
Chain 11 tunning. 750 samples so far in 321.81 seconds
Chain 10 tunning. 750 samples so far in 326.64 seconds
Chain 5 tunning. 750 samples so far in 350.70 seconds
Chain 1 tunning. 750 samples so far in 353.06 seconds
Chain 13 tunning. 750 samples so far in 353.31 seconds
Chain 8 tunning. 750 samples so far in 353.79 seconds
Chain 6 tunning. 750 samples so far in 356.16 seconds
Chain 14 tunning. 750 samples so far in 358.20 seconds
Chain 7 tunning. 750 samples so far in 359.22 seconds
Chain 2 tunning. 750 samples so far in 360.79 seconds
Chain 12 tunning. 750 samples so far in 361.28 seconds
Chain 15 tunning. 750 samples so far in 362.16 seconds
Chain 0 tunning. 750 samples so far in 368.38 seconds
Chain 4 tunning. 750 samples so far in 398.27 seconds
Chain 9 tunning. 1000 samples so far in 438.83 seconds
Chain 11 tunning. 1000 samples so far in 445.88 seconds
Chain 3 tunning. 1000 samples so far in 450.25 seconds
Chain 10 tunning. 1000 samples so far in 449.58 seconds
Chain 5 tunning. 1000 samples so far in 461.73 seconds
Chain 1 tunning. 1000 samples so far in 472.83 seconds
Chain 13 tunning. 1000 samples so far in 474.46 seconds
Chain 6 tunning. 1000 samples so far in 482.06 seconds
Chain 2 tunning. 1000 samples so far in 482.35 seconds
Chain 7 tunning. 1000 samples so far in 484.40 seconds
Chain 8 tunning. 1000 samples so far in 484.43 seconds
Chain 12 tunning. 1000 samples so far in 487.35 seconds
Chain 14 tunning. 1000 samples so far in 491.92 seconds
Chain 15 tunning. 1000 samples so far in 495.50 seconds
Chain 0 tunning. 1000 samples so far in 504.87 seconds
Chain 4 tunning. 1000 samples so far in 522.96 seconds
Chain 9 sampling. 1250 samples so far in 553.61 seconds
