Initializing NUTS using jitter+adapt_diag...
Multiprocess sampling (16 chains in 16 jobs)
NUTS: [weights, mus, like]
╭───────────────────── Traceback (most recent call last) ──────────────────────╮
│ /mnt/hpc/work/kdruscit/singular-learning-theory/code/python/estimation/mixno │
│ rm/ksigma/main.py:92 in rlctx                                                │
│                                                                              │
│    89 │   idata = None                                                       │
│    90 │   with model:                                                        │
│    91 │   │   print(pymc_progressbar)                                        │
│ ❱  92 │   │   idata = pm.sample(draws=pymc_draws,                            │
│    93 │   │   │   │   │   │     tune=pymc_tune,                              │
│    94 │   │   │   │   │   │     chains=pymc_chains,                          │
│    95 │   │   │   │   │   │     cores=pymc_cores,                            │
│                                                                              │
│ ╭───────────────────────────────── locals ─────────────────────────────────╮ │
│ │                     az = <module 'arviz' from                            │ │
│ │                          '/mnt/hpc/work/kdruscit/singular-learning-theo… │ │
│ │                  idata = None                                            │ │
│ │ invtemp_scaling_factor = 1                                               │ │
│ │ mean_prior_cov_scaling = 4.0                                             │ │
│ │     mixture_components = 3                                               │ │
│ │                  model = <pymc.model.core.Model object at                │ │
│ │                          0x7fdf8af5d900>                                 │ │
│ │                      n = 1000                                            │ │
│ │                     np = <module 'numpy' from                            │ │
│ │                          '/mnt/hpc/work/kdruscit/singular-learning-theo… │ │
│ │                pathstr = 'estimation/mixnorm/ksigma/data/observations/n… │ │
│ │                     pm = <module 'pymc' from                             │ │
│ │                          '/mnt/hpc/work/kdruscit/singular-learning-theo… │ │
│ │                     pt = <module 'pytensor' from                         │ │
│ │                          '/mnt/hpc/work/kdruscit/singular-learning-theo… │ │
│ │            pymc_chains = 16                                              │ │
│ │             pymc_cores = 256                                             │ │
│ │             pymc_draws = 5000                                            │ │
│ │       pymc_progressbar = False                                           │ │
│ │              pymc_tune = 1000                                            │ │
│ │              targetdir = '.'                                             │ │
│ │                 x_data = array([-3.08357635e-01, -1.18312251e-01,        │ │
│ │                          -3.00190277e-01, -2.00976122e-01,               │ │
│ │                          │   │   1.33678508e+00,  1.42300220e-01,        │ │
│ │                          1.32616584e+00, -8.19360425e-01,                │ │
│ │                          │   │   5.81991243e-01,  9.36177164e-01,        │ │
│ │                          -1.81413997e+00, -8.34948078e-01,               │ │
│ │                          │   │   6.55482687e-01, -7.45453155e-01,        │ │
│ │                          -1.27389008e+00, -2.15828469e-01,               │ │
│ │                          │      -9.66808719e-01, -1.07244146e+00,        │ │
│ │                          8.33639057e-01, -6.95573544e-01,                │ │
│ │                          │   │   2.62256120e-01,  4.95125434e-01,        │ │
│ │                          -9.95411989e-01, -2.73012628e-01,               │ │
│ │                          │   │   1.15532001e+00, -9.49776214e-01,        │ │
│ │                          -4.99513168e-01, -1.03193537e+00,               │ │
│ │                          │      -2.86764738e-01, -2.03436095e-02,        │ │
│ │                          -6.27457951e-01,  7.71863054e-01,               │ │
│ │                          │      -3.47089783e-01,  1.73286952e+00,        │ │
│ │                          4.16576163e-01,  7.13863803e-01,                │ │
│ │                          │      -1.03622767e-01,  7.15270976e-01,        │ │
│ │                          1.05381617e+00, -1.60208591e+00,                │ │
│ │                          │   │   9.52497809e-01, -3.48734061e-02,        │ │
│ │                          1.53801512e+00,  6.93827024e-01,                │ │
│ │                          │   │   7.17566624e-01,  9.08517823e-02,        │ │
│ │                          1.25733149e-02,  1.30494752e+00,                │ │
│ │                          │   │   1.64761823e+00,  1.06785355e+00,        │ │
│ │                          -1.91157365e+00, -3.27922658e-02,               │ │
│ │                          │   │   1.23358790e+00, -6.17059485e-01,        │ │
│ │                          1.26635604e+00, -2.03186408e-02,                │ │
│ │                          │   │   1.41822833e+00,  2.62045344e-01,        │ │
│ │                          -4.61748410e-01, -7.42685770e-01,               │ │
│ │                          │      -5.90141134e-01, -6.78588032e-01,        │ │
│ │                          -6.01983092e-01,  5.97681694e-01,               │ │
│ │                          │   │   6.83860534e-01,  5.46135450e-01,        │ │
│ │                          -1.20039136e+00,  8.13114392e-01,               │ │
│ │                          │   │   4.90707427e-02,  6.78521305e-01,        │ │
│ │                          -4.83453583e-01,  1.79922778e-02,               │ │
│ │                          │   │   6.36206137e-01,  5.02291425e-01,        │ │
│ │                          -1.23016929e-01,  1.02522539e+00,               │ │
│ │                          │      -1.26915901e+00,  6.94633139e-01,        │ │
│ │                          1.43260145e+00, -7.36410587e-01,                │ │
│ │                          │   │   6.12239522e-01,  4.65176697e-01,        │ │
│ │                          -6.30794875e-01,  9.55331055e-01,               │ │
│ │                          │      -1.47127450e+00, -8.60075403e-01,        │ │
│ │                          -2.22613308e+00,  2.08917535e-01,               │ │
│ │                          │   │   7.67528198e-01,  2.61905670e-01,        │ │
│ │                          7.35755018e-01,  6.33530613e-01,                │ │
│ │                          │   │   5.85835782e-02,  7.19679830e-01,        │ │
│ │                          2.69540251e-01, -9.17560530e-01,                │ │
│ │                          │      -2.08530847e-01,  2.39706962e+00,        │ │
│ │                          2.94337212e-01, -6.89658089e-01,                │ │
│ │                          │      -3.95378261e-01, -6.69530252e-01,        │ │
│ │                          -5.42503923e-01, -2.96627694e-01,               │ │
│ │                          │   │   1.34961541e+00,  5.88552059e-01,        │ │
│ │                          -1.85946141e+00, -4.62725057e-01,               │ │
│ │                          │      -1.12410513e+00,  1.68705146e-02,        │ │
│ │                          8.21536378e-01,  3.81881421e-01,                │ │
│ │                          │   │   3.33235429e-01,  5.73396326e-02,        │ │
│ │                          2.75112069e-01, -6.50696572e-01,                │ │
│ │                          │   │   4.77085230e-01,  6.68658948e-01,        │ │
│ │                          -6.72954987e-01,  7.13392408e-01,               │ │
│ │                          │      -1.18106633e+00,  1.08878388e+00,        │ │
│ │                          1.69468956e+00, -1.94788210e-01,                │ │
│ │                          │      -6.89576022e-01,  1.02801232e+00,        │ │
│ │                          1.35615563e+00, -3.68667694e-01,                │ │
│ │                          │      -4.80579273e-01, -1.62423217e-01,        │ │
│ │                          6.55237852e-01, -1.25293721e+00,                │ │
│ │                          │   │   6.40961474e-01, -3.90672158e-01,        │ │
│ │                          1.21533260e+00,  6.84399004e-01,                │ │
│ │                          │      -1.33797287e+00,  7.92839950e-01,        │ │
│ │                          3.78441391e-01,  3.55567557e-01,                │ │
│ │                          │      -8.89357058e-01,  7.60793427e-01,        │ │
│ │                          9.34498862e-01,  2.57633252e-01,                │ │
│ │                          │      -1.76799109e-01,  1.93349031e+00,        │ │
│ │                          -8.14874316e-01,  1.06085537e+00,               │ │
│ │                          │   │   4.10181828e-01, -8.28341115e-03,        │ │
│ │                          6.44499257e-01, -1.34078974e+00,                │ │
│ │                          │   │   3.28260247e-01, -1.48129828e+00,        │ │
│ │                          -1.70208344e+00, -1.60771310e-01,               │ │
│ │                          │   │   1.04934126e+00,  1.21406673e-01,        │ │
│ │                          3.73915249e-01, -2.18075371e+00,                │ │
│ │                          │      -1.04304749e-01,  7.69836464e-01,        │ │
│ │                          1.44239106e+00,  3.33668911e-03,                │ │
│ │                          │   │   1.67377973e+00, -1.20159365e+00,        │ │
│ │                          -8.85592457e-01, -2.49358758e+00,               │ │
│ │                          │      -7.09090476e-01,  2.95878636e-01,        │ │
│ │                          1.03592044e+00,  1.15743679e+00,                │ │
│ │                          │      -1.04031957e+00, -1.09494618e-01,        │ │
│ │                          7.58634377e-01,  2.96087122e-01,                │ │
│ │                          │   │   2.52535815e-01, -4.12631453e-01,        │ │
│ │                          5.28843847e-01,  1.17492652e-01,                │ │
│ │                          │   │   1.41754298e+00,  3.21053145e-01,        │ │
│ │                          -1.41827384e+00, -1.77819227e-01,               │ │
│ │                          │      -9.36233797e-01,  3.64064597e-01,        │ │
│ │                          1.10884769e+00, -6.89533783e-01,                │ │
│ │                          │   │   1.20472980e+00, -6.11813420e-01,        │ │
│ │                          -1.27486430e+00,  3.42119527e-02,               │ │
│ │                          │   │   8.42609642e-02,  2.11530950e-01,        │ │
│ │                          1.39321076e+00,  4.03334152e-01,                │ │
│ │                          │      -1.19349055e-01,  6.50666730e-01,        │ │
│ │                          -6.57203636e-01,  2.08159981e+00,               │ │
│ │                          │   │   2.01777184e+00, -7.06629258e-02,        │ │
│ │                          -2.27610763e-01, -3.03507568e-01,               │ │
│ │                          │   │   1.45300364e+00, -1.16174778e+00,        │ │
│ │                          3.78577185e-03,  1.88881265e-01,                │ │
│ │                          │      -4.21912090e-01, -3.69006677e-02,        │ │
│ │                          7.27331310e-01,  6.71475354e-01,                │ │
│ │                          │   │   6.24402066e-01, -1.91297959e-01,        │ │
│ │                          6.54479288e-01,  4.34263216e-01,                │ │
│ │                          │   │   2.21415002e-01, -6.82886772e-01,        │ │
│ │                          1.78652057e+00, -5.79917536e-01,                │ │
│ │                          │   │   1.40433309e+00,  6.77212832e-01,        │ │
│ │                          -5.81883754e-01, -1.27156402e+00,               │ │
│ │                          │      -3.02389171e-01, -8.89118927e-01,        │ │
│ │                          -2.62075987e-01, -1.71949219e+00,               │ │
│ │                          │   │   8.55347123e-01,  7.63888421e-01,        │ │
│ │                          2.35574526e-01, -3.17198466e-01,                │ │
│ │                          │   │   2.91969927e-01,  2.20602880e+00,        │ │
│ │                          2.44196974e+00, -9.79874832e-01,                │ │
│ │                          │   │   6.89485756e-01, -1.14568089e-01,        │ │
│ │                          -6.58959700e-01,  1.28678162e-01,               │ │
│ │                          │   │   1.40918789e-02, -7.42332369e-01,        │ │
│ │                          3.89215416e-01, -1.38880638e+00,                │ │
│ │                          │   │   7.96646083e-01, -5.58689065e-01,        │ │
│ │                          -9.07149742e-01, -1.74078267e+00,               │ │
│ │                          │      -4.34027747e-02,  5.51967047e-01,        │ │
│ │                          6.73094766e-01, -2.82024426e-01,                │ │
│ │                          │   │   1.47821053e+00,  1.44228543e+00,        │ │
│ │                          -1.10338881e+00, -1.03117544e+00,               │ │
│ │                          │   │   3.53099121e-01, -5.56303961e-01,        │ │
│ │                          -3.47533843e-01, -5.71182663e-01,               │ │
│ │                          │   │   2.05303862e+00,  2.21980226e-01,        │ │
│ │                          -3.65131811e-01,  1.17315182e+00,               │ │
│ │                          │   │   5.56131220e-01,  1.05261879e-01,        │ │
│ │                          9.39153250e-01, -2.21222583e-01,                │ │
│ │                          │   │   1.02580650e+00, -1.46484241e+00,        │ │
│ │                          -1.98282276e+00,  2.05732722e+00,               │ │
│ │                          │      -5.75568101e-01, -1.18225250e+00,        │ │
│ │                          4.76422139e-01, -1.71745903e-01,                │ │
│ │                          │   │   5.05348527e-01, -2.15354359e-01,        │ │
│ │                          5.91780985e-01, -5.25610840e-01,                │ │
│ │                          │   │   3.13617924e-01,  3.65168990e-01,        │ │
│ │                          -2.47791671e-01, -3.78500034e-01,               │ │
│ │                          │   │   9.20647403e-01,  7.20223523e-02,        │ │
│ │                          3.07487671e-01, -4.07109038e-01,                │ │
│ │                          │      -1.40064686e+00, -9.52098588e-01,        │ │
│ │                          4.95004579e-01,  1.17285669e-01,                │ │
│ │                          │      -6.82934805e-01, -3.47847417e-02,        │ │
│ │                          -1.86305266e+00,  2.25544129e-01,               │ │
│ │                          │      -1.05013945e+00,  7.01367103e-01,        │ │
│ │                          1.32474687e+00, -6.15986154e-01,                │ │
│ │                          │   │   8.31191071e-01, -2.13783980e-01,        │ │
│ │                          -1.52528108e-01,  5.98518574e-01,               │ │
│ │                          │      -6.28449029e-01,  1.26784206e-01,        │ │
│ │                          -1.23297814e-01,  7.93457216e-01,               │ │
│ │                          │   │   1.80357654e+00,  1.12839271e+00,        │ │
│ │                          -9.23743648e-01,  5.09380521e-01,               │ │
│ │                          │      -1.67496283e-01, -1.63588064e-01,        │ │
│ │                          -1.30011503e+00,  1.75980884e+00,               │ │
│ │                          │   │   2.95489469e-01, -3.70337837e-01,        │ │
│ │                          -2.84460126e-01,  1.20004198e+00,               │ │
│ │                          │      -3.25473207e-01, -7.18670161e-01,        │ │
│ │                          -1.58184424e+00, -5.49732437e-01,               │ │
│ │                          │   │   3.01867406e-01, -7.44074893e-01,        │ │
│ │                          2.98122785e-01,  4.26428564e-01,                │ │
│ │                          │      -1.18740906e-01, -9.23662176e-01,        │ │
│ │                          -9.43547895e-01, -6.12530195e-01,               │ │
│ │                          │   │   8.18923704e-01,  5.96317172e-01,        │ │
│ │                          -1.76211768e+00,  1.33595860e+00,               │ │
│ │                          │   │   6.92798610e-02,  1.69283266e+00,        │ │
│ │                          9.71116500e-01, -1.34666625e+00,                │ │
│ │                          │      -3.77876978e-01, -4.98491209e-01,        │ │
│ │                          1.40132278e+00,  1.43626512e+00,                │ │
│ │                          │   │   9.13967130e-01, -9.87465088e-01,        │ │
│ │                          -2.07417281e-01, -3.65061037e-01,               │ │
│ │                          │   │   1.01863201e+00,  5.07080779e-01,        │ │
│ │                          -1.18233037e+00,  3.83857770e+00,               │ │
│ │                          │   │   9.68954664e-01, -6.47649490e-02,        │ │
│ │                          -2.01397121e+00,  1.00355807e+00,               │ │
│ │                          │   │   3.46781712e-02,  2.57021027e+00,        │ │
│ │                          -1.21952304e+00, -1.51152526e+00,               │ │
│ │                          │   │   2.58900589e-01,  4.62850630e-01,        │ │
│ │                          2.67991840e-01, -1.06789230e+00,                │ │
│ │                          │      -9.57015798e-01, -3.97558101e-01,        │ │
│ │                          4.50692962e-01,  5.72011436e-01,                │ │
│ │                          │      -8.12838034e-01, -1.70136291e-01,        │ │
│ │                          -5.60047643e-01,  1.31138290e-01,               │ │
│ │                          │      -1.48237357e+00, -6.91595520e-01,        │ │
│ │                          -1.46566260e+00,  1.25605762e-01,               │ │
│ │                          │   │   9.63361975e-01, -8.94388265e-01,        │ │
│ │                          -1.90480329e+00, -3.59634833e-01,               │ │
│ │                          │      -1.31538765e+00, -6.00012846e-02,        │ │
│ │                          1.68150179e+00, -3.48109836e-02,                │ │
│ │                          │   │   7.85636356e-01, -2.77109411e-01,        │ │
│ │                          6.91934997e-01,  1.57062651e+00,                │ │
│ │                          │   │   1.63970862e-01,  8.66104308e-01,        │ │
│ │                          1.02250397e+00,  5.88728251e-02,                │ │
│ │                          │      -7.87880898e-01,  7.41632075e-01,        │ │
│ │                          -1.66997510e+00,  1.21891010e+00,               │ │
│ │                          │      -1.44323774e+00,  3.74179782e-01,        │ │
│ │                          -4.52703544e-01, -2.92408102e+00,               │ │
│ │                          │      -8.97017983e-01,  8.03354245e-03,        │ │
│ │                          -5.46229541e-01, -1.13506455e+00,               │ │
│ │                          │   │   1.92484201e+00, -7.16740536e-01,        │ │
│ │                          -2.20126004e+00,  1.58945809e+00,               │ │
│ │                          │      -7.08782072e-01,  2.24031367e+00,        │ │
│ │                          9.29167190e-02,  6.74523509e-01,                │ │
│ │                          │      -1.52576640e+00,  1.51672811e+00,        │ │
│ │                          -7.39516644e-01, -3.97264142e-01,               │ │
│ │                          │      -1.01718837e+00, -9.51783827e-01,        │ │
│ │                          -3.52483436e-01, -1.29874970e-01,               │ │
│ │                          │      -7.42269433e-01,  1.42322416e-01,        │ │
│ │                          1.33667705e-01,  2.27109408e+00,                │ │
│ │                          │   │   6.04792353e-02,  1.50076936e-01,        │ │
│ │                          -3.21056485e-01,  4.02729592e-01,               │ │
│ │                          │      -5.88297119e-02, -8.36544760e-01,        │ │
│ │                          -5.38178605e-01,  4.89906855e-01,               │ │
│ │                          │   │   1.12419559e+00,  2.39233707e-01,        │ │
│ │                          -2.04625757e+00, -3.83713196e-01,               │ │
│ │                          │      -4.84256377e-02, -2.06738572e+00,        │ │
│ │                          -7.49160665e-01,  1.13190275e-01,               │ │
│ │                          │   │   1.79501127e-02,  1.51238302e+00,        │ │
│ │                          -1.46282173e+00,  2.08483856e+00,               │ │
│ │                          │      -6.75062679e-01, -1.46049681e+00,        │ │
│ │                          -4.40764306e-01, -2.80560764e+00,               │ │
│ │                          │   │   3.50654945e-02, -2.89231094e-01,        │ │
│ │                          -1.14892087e+00,  1.38075263e+00,               │ │
│ │                          │   │   1.65358279e+00,  6.08043690e-01,        │ │
│ │                          -1.74780367e+00, -2.46424416e+00,               │ │
│ │                          │   │   2.71862553e-01,  7.45541898e-01,        │ │
│ │                          9.58781894e-01,  1.31198201e+00,                │ │
│ │                          │   │   9.00415389e-01, -4.44383432e-01,        │ │
│ │                          -9.22967877e-01,  7.23680220e-01,               │ │
│ │                          │   │   1.38826838e-01,  3.76764730e-01,        │ │
│ │                          -7.57898068e-01, -1.71635721e+00,               │ │
│ │                          │      -2.26354835e+00,  1.80577612e-01,        │ │
│ │                          7.49451005e-01, -3.82102925e-01,                │ │
│ │                          │   │   2.11674766e-01,  1.06679202e+00,        │ │
│ │                          -1.13689660e+00, -1.55032418e-01,               │ │
│ │                          │   │   1.19493264e+00,  1.29119421e+00,        │ │
│ │                          2.10805660e+00, -1.28017182e+00,                │ │
│ │                          │   │   1.59057258e-01,  3.38948702e-01,        │ │
│ │                          -8.78549138e-01, -7.53207370e-01,               │ │
│ │                          │      -5.85379590e-03, -5.37505126e-01,        │ │
│ │                          -7.50799203e-01, -6.38469853e-01,               │ │
│ │                          │      -1.33901306e-01, -2.68611942e-01,        │ │
│ │                          -1.04229820e+00, -1.90501021e-01,               │ │
│ │                          │      -3.32312338e-02,  1.77778681e-01,        │ │
│ │                          -2.03487531e+00, -7.21219259e-01,               │ │
│ │                          │      -8.98085458e-01,  3.29412512e-01,        │ │
│ │                          -1.71163920e+00, -1.91219030e+00,               │ │
│ │                          │   │   2.15027235e+00,  1.82720371e-01,        │ │
│ │                          6.29697745e-02, -1.22425982e+00,                │ │
│ │                          │   │   9.67835983e-01, -6.33324249e-01,        │ │
│ │                          1.74268662e+00,  2.23201073e-01,                │ │
│ │                          │      -3.44892669e-01,  1.00362062e+00,        │ │
│ │                          8.47802100e-01, -1.39090194e-01,                │ │
│ │                          │      -1.17881084e-01, -1.24211758e+00,        │ │
│ │                          6.13319418e-01,  1.34139724e+00,                │ │
│ │                          │   │   6.40047628e-01, -5.26624261e-01,        │ │
│ │                          -1.19415753e+00, -1.22567383e+00,               │ │
│ │                          │   │   9.19593951e-02,  6.51067626e-01,        │ │
│ │                          9.28158087e-02,  7.26990238e-01,                │ │
│ │                          │      -3.13425305e-01, -1.08671761e+00,        │ │
│ │                          -7.26633039e-01, -1.64957124e+00,               │ │
│ │                          │   │   2.94784720e-02,  9.43247816e-01,        │ │
│ │                          1.15674704e+00,  9.91649624e-01,                │ │
│ │                          │   │   9.65935220e-01, -1.97861074e+00,        │ │
│ │                          7.80628565e-01,  1.15256693e+00,                │ │
│ │                          │   │   1.46515545e+00,  1.29298402e-01,        │ │
│ │                          9.56201924e-01, -1.11764405e+00,                │ │
│ │                          │   │   5.50198795e-01,  7.52649379e-01,        │ │
│ │                          1.42331311e+00, -8.42994960e-01,                │ │
│ │                          │      -1.30883566e+00,  2.01598996e+00,        │ │
│ │                          7.12750812e-01,  1.96040750e-01,                │ │
│ │                          │      -2.68973179e-01,  5.06784244e-01,        │ │
│ │                          6.99175770e-01,  2.78804047e-01,                │ │
│ │                          │      -1.17823655e+00, -7.72227919e-01,        │ │
│ │                          -4.91632490e-01,  5.70309340e-02,               │ │
│ │                          │   │   1.12896864e+00,  7.25370776e-02,        │ │
│ │                          1.95425722e+00, -2.21719839e+00,                │ │
│ │                          │   │   2.01260133e+00,  5.38497748e-02,        │ │
│ │                          7.42388977e-01, -4.29073267e-01,                │ │
│ │                          │      -7.14420179e-01,  7.01685905e-01,        │ │
│ │                          -6.15458243e-02,  1.37929829e+00,               │ │
│ │                          │   │   5.44679791e-01, -2.48824526e-01,        │ │
│ │                          5.58616719e-01, -1.06483380e+00,                │ │
│ │                          │   │   1.60296061e+00, -1.55302218e+00,        │ │
│ │                          1.67460967e-01,  1.66174008e+00,                │ │
│ │                          │   │   7.38569381e-01, -1.41181796e+00,        │ │
│ │                          -7.46993805e-02, -5.56170317e-01,               │ │
│ │                          │   │   9.99516891e-01, -8.82597646e-02,        │ │
│ │                          -1.78980359e-01, -4.21714964e-01,               │ │
│ │                          │   │   9.03965265e-01, -2.28929582e-01,        │ │
│ │                          9.90519654e-01,  2.17791721e+00,                │ │
│ │                          │   │   7.55508995e-02, -1.89347076e+00,        │ │
│ │                          6.34416685e-01,  6.41128211e-01,                │ │
│ │                          │   │   1.12612797e+00, -2.45459900e+00,        │ │
│ │                          1.33438144e+00,  6.45101430e-03,                │ │
│ │                          │   │   2.34937950e-01,  1.89967117e-01,        │ │
│ │                          -9.71778515e-01, -1.28186333e+00,               │ │
│ │                          │      -7.76265259e-01, -4.64820567e-01,        │ │
│ │                          1.09422235e+00,  1.43764205e-01,                │ │
│ │                          │      -1.31295671e+00,  3.72685097e-01,        │ │
│ │                          -2.94308267e-01,  3.93545343e-01,               │ │
│ │                          │   │   1.54001328e-02, -1.90324325e+00,        │ │
│ │                          4.93200760e-01,  1.19563008e-01,                │ │
│ │                          │   │   1.46146127e+00,  8.34937358e-01,        │ │
│ │                          -4.99001205e-01,  5.63578075e-01,               │ │
│ │                          │      -2.66743684e-01, -9.20832711e-02,        │ │
│ │                          1.42375600e-01,  1.02156947e+00,                │ │
│ │                          │   │   9.71163348e-01, -1.46269166e+00,        │ │
│ │                          1.15415124e+00, -1.10656592e+00,                │ │
│ │                          │   │   1.32652590e+00,  2.11661216e-01,        │ │
│ │                          4.86318147e-01, -7.41637350e-01,                │ │
│ │                          │      -1.22877263e-01,  6.11431778e-02,        │ │
│ │                          -8.91186944e-01, -7.10645184e-01,               │ │
│ │                          │      -1.13847991e+00,  1.09265797e+00,        │ │
│ │                          -1.38938293e+00,  1.95403863e+00,               │ │
│ │                          │   │   8.92878617e-01, -4.11183959e-01,        │ │
│ │                          3.74054104e-01, -1.64405339e+00,                │ │
│ │                          │      -1.15624103e+00, -8.37130870e-01,        │ │
│ │                          5.04094117e-01,  6.16411773e-01,                │ │
│ │                          │      -3.84981036e-01,  1.35077852e+00,        │ │
│ │                          7.39400376e-01, -8.64859692e-01,                │ │
│ │                          │   │   5.62175523e-01, -7.36866778e-01,        │ │
│ │                          -5.29460586e-01, -1.17096591e+00,               │ │
│ │                          │      -1.02923240e+00,  3.96549371e-01,        │ │
│ │                          4.18262495e-01, -7.38771429e-01,                │ │
│ │                          │      -5.25114498e-04,  2.29905039e+00,        │ │
│ │                          1.46142089e-02, -5.99846821e-01,                │ │
│ │                          │      -2.07718228e-01,  4.40447588e-01,        │ │
│ │                          -3.04479594e-01, -8.34917841e-01,               │ │
│ │                          │   │   2.09934573e-01,  1.75357383e+00,        │ │
│ │                          1.35879139e-01, -8.60413525e-01,                │ │
│ │                          │      -2.26607962e-01,  2.11027926e+00,        │ │
│ │                          1.22744927e+00, -2.40020479e-01,                │ │
│ │                          │   │   8.72758887e-01,  1.26388240e+00,        │ │
│ │                          -5.52711907e-01,  2.28824405e+00,               │ │
│ │                          │      -5.87847813e-01, -1.19710667e-01,        │ │
│ │                          4.89433964e-02,  5.04925656e-01,                │ │
│ │                          │      -4.36928462e-02,  1.03354909e+00,        │ │
│ │                          2.15692074e+00, -2.29440037e-01,                │ │
│ │                          │      -7.29405227e-01,  9.89217626e-01,        │ │
│ │                          -6.26378863e-01, -5.91495199e-01,               │ │
│ │                          │      -1.53760933e+00, -7.04412735e-01,        │ │
│ │                          -2.33289462e-01, -8.30895463e-01,               │ │
│ │                          │   │   2.11413965e+00,  1.01038686e+00,        │ │
│ │                          -1.27232641e+00,  2.76728908e-02,               │ │
│ │                          │   │   1.02938892e-01, -2.97546604e-01,        │ │
│ │                          -4.91651229e-01, -6.01877727e-01,               │ │
│ │                          │      -2.34096265e+00, -9.96343967e-01,        │ │
│ │                          -4.71472563e-01, -5.55476316e-01,               │ │
│ │                          │   │   5.88763596e-01,  5.84570293e-01,        │ │
│ │                          2.10979625e+00,  4.67517434e-01,                │ │
│ │                          │   │   1.27264368e+00,  9.39579971e-01,        │ │
│ │                          -1.55761969e-01,  3.20708231e-01,               │ │
│ │                          │   │   1.23659213e-01, -1.52189351e+00,        │ │
│ │                          -1.65110740e-01,  1.05617183e+00,               │ │
│ │                          │   │   7.86091442e-01,  1.09596762e+00,        │ │
│ │                          -7.09463860e-01, -5.71768228e-01,               │ │
│ │                          │   │   7.49550063e-01, -1.14317160e-01,        │ │
│ │                          9.07808849e-01,  4.01230342e-01,                │ │
│ │                          │   │   2.60917422e-01,  1.48351204e+00,        │ │
│ │                          1.18768959e+00,  6.91793266e-01,                │ │
│ │                          │      -2.13929425e-01, -5.09760119e-01,        │ │
│ │                          -7.63520176e-01,  1.36575100e-01,               │ │
│ │                          │      -8.33054453e-01,  1.38301997e-01,        │ │
│ │                          1.09088464e-01, -6.69776521e-01,                │ │
│ │                          │   │   9.92962646e-01, -3.82143567e+00,        │ │
│ │                          4.03741326e-01, -1.50803116e-01,                │ │
│ │                          │      -7.69575021e-01, -8.34890324e-02,        │ │
│ │                          9.12839259e-02,  9.27520117e-01,                │ │
│ │                          │      -1.31535663e+00, -1.46394787e+00,        │ │
│ │                          -1.09264230e+00, -4.47470914e-01,               │ │
│ │                          │   │   1.02182752e+00,  1.44402335e+00,        │ │
│ │                          -9.53825255e-01,  1.41585400e-01,               │ │
│ │                          │   │   5.94635173e-01, -1.40680733e-01,        │ │
│ │                          -8.01442253e-01,  1.16240035e+00,               │ │
│ │                          │      -3.56432322e-01, -2.20583628e-01,        │ │
│ │                          -1.29568833e+00,  1.96541835e+00,               │ │
│ │                          │      -3.93431507e-01,  9.30266151e-02,        │ │
│ │                          -3.87965375e-01,  3.85659521e-01,               │ │
│ │                          │      -6.57633160e-01, -1.38113799e+00,        │ │
│ │                          2.82167712e-01,  1.29310208e+00,                │ │
│ │                          │      -1.82958945e+00,  1.27163689e+00,        │ │
│ │                          -3.26680958e-01,  1.31050227e+00,               │ │
│ │                          │      -2.02752695e-01, -2.35182307e-01,        │ │
│ │                          -2.04388792e-01,  1.92147147e+00,               │ │
│ │                          │      -8.11982928e-01,  1.76010281e+00,        │ │
│ │                          1.52608144e+00, -6.77186154e-01,                │ │
│ │                          │   │   1.58679679e+00, -9.31722328e-01,        │ │
│ │                          -6.78012501e-01, -1.24517645e+00,               │ │
│ │                          │      -6.38710627e-01,  1.55140873e+00,        │ │
│ │                          -2.52339109e-01,  1.15826884e+00,               │ │
│ │                          │      -2.29600318e-01,  4.05687167e-01,        │ │
│ │                          6.56084519e-01,  1.04677677e+00,                │ │
│ │                          │      -1.30832627e+00,  5.21257826e-01,        │ │
│ │                          1.82124917e+00,  1.90942879e-01,                │ │
│ │                          │      -7.16224172e-01,  2.55390265e-01,        │ │
│ │                          -1.03205634e+00,  4.93398592e-01,               │ │
│ │                          │      -1.23306686e+00,  5.61829314e-01,        │ │
│ │                          -1.25147560e+00,  5.55673850e-01,               │ │
│ │                          │   │   3.82509341e-01, -5.46681937e-01,        │ │
│ │                          -3.45307241e-01, -2.28116373e+00,               │ │
│ │                          │      -2.80135856e-01,  4.51891886e-01,        │ │
│ │                          6.51566523e-01,  3.19138929e-01,                │ │
│ │                          │   │   1.53183205e+00,  1.58162383e+00,        │ │
│ │                          -1.59941893e+00, -8.44797677e-01,               │ │
│ │                          │   │   5.17102177e-01,  2.39343227e+00,        │ │
│ │                          1.32069106e+00, -1.75492959e-01,                │ │
│ │                          │      -3.26550313e-01, -6.97768406e-02,        │ │
│ │                          -2.69536682e-01,  5.96434756e-01,               │ │
│ │                          │      -1.26589242e+00, -1.24012605e+00,        │ │
│ │                          -1.00306783e+00,  7.29083505e-01,               │ │
│ │                          │   │   2.52755986e+00,  1.80686166e+00,        │ │
│ │                          1.41361553e+00, -6.60439751e-01,                │ │
│ │                          │      -1.83402880e-01,  1.58652131e-01,        │ │
│ │                          8.34877467e-01,  2.29222786e+00,                │ │
│ │                          │      -1.66581566e-01,  9.34924638e-01,        │ │
│ │                          1.27576886e-01, -4.95420933e-01,                │ │
│ │                          │      -6.23865296e-01,  6.37972239e-01,        │ │
│ │                          1.69253776e+00,  1.38662445e+00,                │ │
│ │                          │      -1.14738100e+00, -7.93184496e-01,        │ │
│ │                          -1.09545625e+00,  1.17025383e-03,               │ │
│ │                          │      -3.46586987e-01, -1.48512123e+00,        │ │
│ │                          1.13510039e+00, -9.01801701e-01,                │ │
│ │                          │      -9.31447223e-01,  1.08558356e+00,        │ │
│ │                          -4.65896451e-01, -6.46965615e-01,               │ │
│ │                          │   │   5.65972975e-01, -8.52712044e-01,        │ │
│ │                          5.20072545e-01, -4.79860168e-01,                │ │
│ │                          │      -1.48067877e+00,  1.43014299e+00,        │ │
│ │                          9.41449207e-01, -3.51839106e-01,                │ │
│ │                          │      -7.77255695e-01,  2.21716599e+00,        │ │
│ │                          4.22718782e-01,  2.73088341e-01,                │ │
│ │                          │      -1.70791192e-01,  1.47370917e+00,        │ │
│ │                          4.84684549e-01,  3.42011953e-01,                │ │
│ │                          │   │   1.01951279e+00, -8.25713848e-01,        │ │
│ │                          1.79947050e+00,  2.11492773e+00,                │ │
│ │                          │   │   1.04657753e+00,  6.49384816e-01,        │ │
│ │                          1.38814191e+00,  2.43825975e-01,                │ │
│ │                          │      -4.97146699e-01,  2.26324888e-01,        │ │
│ │                          5.88557851e-01,  9.59639072e-01,                │ │
│ │                          │      -9.11688854e-01, -1.44152629e+00,        │ │
│ │                          1.06959820e+00,  1.11913310e+00,                │ │
│ │                          │      -4.61645927e-01,  1.18470377e+00,        │ │
│ │                          5.96507428e-01,  8.62463452e-01,                │ │
│ │                          │      -2.56616939e-01,  2.28716354e+00,        │ │
│ │                          1.45227667e+00,  9.81712305e-03,                │ │
│ │                          │      -1.38443813e+00,  1.43461703e+00,        │ │
│ │                          1.50621015e-01, -4.36247471e-01,                │ │
│ │                          │      -1.08225880e-01,  1.59642235e-01,        │ │
│ │                          -4.84975008e-01,  3.00849279e-01,               │ │
│ │                          │      -3.31559077e-01,  2.65644284e-02,        │ │
│ │                          3.51147072e-02,  6.29276039e-01,                │ │
│ │                          │      -8.92921420e-01,  1.02977561e-01,        │ │
│ │                          -9.67211665e-02,  5.98565869e-02,               │ │
│ │                          │      -3.04756672e-01,  5.73856150e-01,        │ │
│ │                          6.27196837e-01, -5.57375612e-01,                │ │
│ │                          │   │   1.37179590e+00, -5.48916811e-01,        │ │
│ │                          -6.88864509e-01,  8.21250831e-01,               │ │
│ │                          │      -1.03761282e+00,  1.38050096e+00,        │ │
│ │                          -9.16894238e-01, -1.01343105e+00,               │ │
│ │                          │      -3.61241511e-01,  1.70275804e+00,        │ │
│ │                          -2.29160712e-01,  3.47242097e-01,               │ │
│ │                          │      -7.05148676e-02,  2.52456559e+00,        │ │
│ │                          2.26362975e+00,  1.97759135e-01,                │ │
│ │                          │   │   7.59462453e-01, -1.09632117e+00,        │ │
│ │                          3.23987262e-01,  3.96348764e-01,                │ │
│ │                          │   │   3.09995407e-01, -9.06033266e-02,        │ │
│ │                          -6.07285806e-01,  7.56123461e-02,               │ │
│ │                          │   │   5.21348373e-01,  6.90704213e-01,        │ │
│ │                          4.57607165e-01, -9.02975150e-01,                │ │
│ │                          │   │   8.73171453e-02, -1.07714844e-01,        │ │
│ │                          -1.89441502e-01, -2.82323045e-01,               │ │
│ │                          │   │   4.42392799e-02,  1.05448419e+00,        │ │
│ │                          -2.57488661e+00, -9.89180409e-01,               │ │
│ │                          │      -6.65662993e-01,  1.82627847e-01,        │ │
│ │                          -1.28160590e+00, -1.54450419e-01,               │ │
│ │                          │      -1.17602316e-01, -2.23642102e-01,        │ │
│ │                          -6.62939706e-01, -1.27514229e-01,               │ │
│ │                          │      -2.16996957e-01, -4.52044433e-01,        │ │
│ │                          -7.38297307e-01,  8.67283687e-01,               │ │
│ │                          │   │   1.31228551e+00, -1.70629040e-01,        │ │
│ │                          4.77108448e-01,  1.89001874e+00,                │ │
│ │                          │   │   7.29078014e-01,  1.33619558e+00,        │ │
│ │                          -2.05896917e-01,  4.09856552e-01,               │ │
│ │                          │   │   6.81057320e-02,  1.42825253e+00,        │ │
│ │                          6.14964206e-01,  1.11864480e+00,                │ │
│ │                          │   │   9.95975928e-01, -3.96248341e-01,        │ │
│ │                          1.39374329e+00, -8.72676754e-01,                │ │
│ │                          │   │   7.54526176e-01, -1.29921356e+00,        │ │
│ │                          2.13998881e-01,  3.85274417e-01,                │ │
│ │                          │      -1.47968573e+00, -9.53403456e-01,        │ │
│ │                          -2.29138379e-03, -4.08110725e-01,               │ │
│ │                          │   │   1.57752725e+00,  4.52591129e-01,        │ │
│ │                          -1.09479584e+00,  7.32100427e-01,               │ │
│ │                          │      -2.37849694e-01,  5.32120628e-01,        │ │
│ │                          1.43641666e+00, -3.09077184e-01,                │ │
│ │                          │   │   5.79250368e-01, -2.64701061e-01,        │ │
│ │                          7.51515820e-01, -8.29312268e-01])               │ │
│ ╰──────────────────────────────────────────────────────────────────────────╯ │
│                                                                              │
│ /mnt/hpc/work/kdruscit/singular-learning-theory/code/python/.venv/lib/python │
│ 3.10/site-packages/pymc/sampling/mcmc.py:935 in sample                       │
│                                                                              │
│    932 │   │   _log.info(f"Multiprocess sampling ({chains} chains in {cores} │
│    933 │   │   _print_step_hierarchy(step)                                   │
│    934 │   │   try:                                                          │
│ ❱  935 │   │   │   _mp_sample(**sample_args, **parallel_args)                │
│    936 │   │   except pickle.PickleError:                                    │
│    937 │   │   │   _log.warning("Could not pickle model, sampling singlethre │
│    938 │   │   │   _log.debug("Pickling error:", exc_info=True)              │
│                                                                              │
│ ╭───────────────────────────────── locals ─────────────────────────────────╮ │
│ │                 blas_cores = 256                                         │ │
│ │                   callback = <estimation.mixnorm.ksigma.pymc_tools.Clus… │ │
│ │                              object at 0x7fdf845ce230>                   │ │
│ │                     chains = 16                                          │ │
│ │             compile_kwargs = None                                        │ │
│ │ compute_convergence_checks = True                                        │ │
│ │                      cores = 16                                          │ │
│ │      discard_tuned_samples = True                                        │ │
│ │                      draws = 5000                                        │ │
│ │             exclusive_nuts = True                                        │ │
│ │    has_population_samplers = np.False_                                   │ │
│ │               idata_kwargs = None                                        │ │
│ │                       init = 'auto'                                      │ │
│ │             initial_points = [                                           │ │
│ │                              │   {                                       │ │
│ │                              │   │   'weights_simplex__':                │ │
│ │                              array([-0.20396848, -0.6034589 ]),          │ │
│ │                              │   │   'mus': array([-0.81829729,          │ │
│ │                              -0.67311502,  0.56803619]),                 │ │
│ │                              │   │   'like': array(0.21391856)           │ │
│ │                              │   },                                      │ │
│ │                              │   {                                       │ │
│ │                              │   │   'weights_simplex__':                │ │
│ │                              array([0.19817324, 0.11104063]),            │ │
│ │                              │   │   'mus': array([ 0.37785995,          │ │
│ │                              -0.96612332,  0.51405329]),                 │ │
│ │                              │   │   'like': array(0.27981684)           │ │
│ │                              │   },                                      │ │
│ │                              │   {                                       │ │
│ │                              │   │   'weights_simplex__': array([        │ │
│ │                              0.60636698, -0.69693012]),                  │ │
│ │                              │   │   'mus': array([-0.49314462,          │ │
│ │                              0.88488377,  0.23514245]),                  │ │
│ │                              │   │   'like': array(-0.89887904)          │ │
│ │                              │   },                                      │ │
│ │                              │   {                                       │ │
│ │                              │   │   'weights_simplex__': array([        │ │
│ │                              0.39099186, -0.56231694]),                  │ │
│ │                              │   │   'mus': array([ 0.41139561,          │ │
│ │                              -0.46012028, -0.54919024]),                 │ │
│ │                              │   │   'like': array(0.50446686)           │ │
│ │                              │   },                                      │ │
│ │                              │   {                                       │ │
│ │                              │   │   'weights_simplex__':                │ │
│ │                              array([0.28261264, 0.13673263]),            │ │
│ │                              │   │   'mus': array([-0.66293747,          │ │
│ │                              -0.09931456, -0.7070399 ]),                 │ │
│ │                              │   │   'like': array(-0.13178478)          │ │
│ │                              │   },                                      │ │
│ │                              │   {                                       │ │
│ │                              │   │   'weights_simplex__':                │ │
│ │                              array([-0.66830328, -0.94841908]),          │ │
│ │                              │   │   'mus': array([0.34551043,           │ │
│ │                              0.02763343, 0.6224862 ]),                   │ │
│ │                              │   │   'like': array(-0.03747515)          │ │
│ │                              │   },                                      │ │
│ │                              │   {                                       │ │
│ │                              │   │   'weights_simplex__':                │ │
│ │                              array([-0.94329223, -0.01195209]),          │ │
│ │                              │   │   'mus': array([-0.91310845,          │ │
│ │                              -0.86821851,  0.53595556]),                 │ │
│ │                              │   │   'like': array(-0.51749246)          │ │
│ │                              │   },                                      │ │
│ │                              │   {                                       │ │
│ │                              │   │   'weights_simplex__':                │ │
│ │                              array([0.56459867, 0.50839863]),            │ │
│ │                              │   │   'mus': array([ 0.45449352,          │ │
│ │                              0.35216921, -0.46197237]),                  │ │
│ │                              │   │   'like': array(1.18458598)           │ │
│ │                              │   },                                      │ │
│ │                              │   {                                       │ │
│ │                              │   │   'weights_simplex__': array([        │ │
│ │                              0.96136846, -0.08869797]),                  │ │
│ │                              │   │   'mus': array([-0.76624107,          │ │
│ │                              0.80284052, -0.77858428]),                  │ │
│ │                              │   │   'like': array(-0.07725255)          │ │
│ │                              │   },                                      │ │
│ │                              │   {                                       │ │
│ │                              │   │   'weights_simplex__': array([        │ │
│ │                              0.14230053, -0.08159719]),                  │ │
│ │                              │   │   'mus': array([ 0.73833732,          │ │
│ │                              -0.11585382,  0.49475903]),                 │ │
│ │                              │   │   'like': array(-0.54105651)          │ │
│ │                              │   },                                      │ │
│ │                              │   ... +6                                  │ │
│ │                              ]                                           │ │
│ │                   initvals = None                                        │ │
│ │         jitter_max_retries = 10                                          │ │
│ │          keep_warning_stat = False                                       │ │
│ │                     kwargs = {                                           │ │
│ │                              │   'max_treedepth': 50,                    │ │
│ │                              │   'target_accept': 0.995                  │ │
│ │                              }                                           │ │
│ │                      model = <pymc.model.core.Model object at            │ │
│ │                              0x7fdf8af5d900>                             │ │
│ │                     mp_ctx = None                                        │ │
│ │                     n_init = 200000                                      │ │
│ │   num_blas_cores_per_chain = 16                                          │ │
│ │                nuts_kwargs = {'target_accept': 0.995}                    │ │
│ │               nuts_sampler = 'pymc'                                      │ │
│ │        nuts_sampler_kwargs = {}                                          │ │
│ │                   parallel = True                                        │ │
│ │              parallel_args = {'mp_ctx': None, 'blas_cores': 16}          │ │
│ │              progress_bool = False                                       │ │
│ │                progressbar = False                                       │ │
│ │          progressbar_theme = None                                        │ │
│ │             provided_steps = []                                          │ │
│ │                random_seed = None                                        │ │
│ │           random_seed_list = [                                           │ │
│ │                              │   np.int64(352022539),                    │ │
│ │                              │   np.int64(257114823),                    │ │
│ │                              │   np.int64(668404103),                    │ │
│ │                              │   np.int64(90891443),                     │ │
│ │                              │   np.int64(551507093),                    │ │
│ │                              │   np.int64(554324159),                    │ │
│ │                              │   np.int64(620627525),                    │ │
│ │                              │   np.int64(264341928),                    │ │
│ │                              │   np.int64(205003312),                    │ │
│ │                              │   np.int64(998826971),                    │ │
│ │                              │   ... +6                                  │ │
│ │                              ]                                           │ │
│ │       return_inferencedata = True                                        │ │
│ │                       rngs = [                                           │ │
│ │                              │   Generator(PCG64) at 0x7FDF84736420,     │ │
│ │                              │   Generator(PCG64) at 0x7FDF84736340,     │ │
│ │                              │   Generator(PCG64) at 0x7FDF847360A0,     │ │
│ │                              │   Generator(PCG64) at 0x7FDF84736180,     │ │
│ │                              │   Generator(PCG64) at 0x7FDF84735EE0,     │ │
│ │                              │   Generator(PCG64) at 0x7FDF84735FC0,     │ │
│ │                              │   Generator(PCG64) at 0x7FDF84735A80,     │ │
│ │                              │   Generator(PCG64) at 0x7FDF84735D20,     │ │
│ │                              │   Generator(PCG64) at 0x7FDF84735B60,     │ │
│ │                              │   Generator(PCG64) at 0x7FDF84735E00,     │ │
│ │                              │   ... +6                                  │ │
│ │                              ]                                           │ │
│ │                        run = None                                        │ │
│ │                sample_args = {                                           │ │
│ │                              │   'draws': 6000,                          │ │
│ │                              │   'step':                                 │ │
│ │                              <pymc.step_methods.hmc.nuts.NUTS object at  │ │
│ │                              0x7fdf4304ccd0>,                            │ │
│ │                              │   'start': [                              │ │
│ │                              │   │   {                                   │ │
│ │                              │   │   │   'weights_simplex__':            │ │
│ │                              array([-0.20396848, -0.6034589 ]),          │ │
│ │                              │   │   │   'mus': array([-0.81829729,      │ │
│ │                              -0.67311502,  0.56803619]),                 │ │
│ │                              │   │   │   'like': array(0.21391856)       │ │
│ │                              │   │   },                                  │ │
│ │                              │   │   {                                   │ │
│ │                              │   │   │   'weights_simplex__':            │ │
│ │                              array([0.19817324, 0.11104063]),            │ │
│ │                              │   │   │   'mus': array([ 0.37785995,      │ │
│ │                              -0.96612332,  0.51405329]),                 │ │
│ │                              │   │   │   'like': array(0.27981684)       │ │
│ │                              │   │   },                                  │ │
│ │                              │   │   {                                   │ │
│ │                              │   │   │   'weights_simplex__': array([    │ │
│ │                              0.60636698, -0.69693012]),                  │ │
│ │                              │   │   │   'mus': array([-0.49314462,      │ │
│ │                              0.88488377,  0.23514245]),                  │ │
│ │                              │   │   │   'like': array(-0.89887904)      │ │
│ │                              │   │   },                                  │ │
│ │                              │   │   {                                   │ │
│ │                              │   │   │   'weights_simplex__': array([    │ │
│ │                              0.39099186, -0.56231694]),                  │ │
│ │                              │   │   │   'mus': array([ 0.41139561,      │ │
│ │                              -0.46012028, -0.54919024]),                 │ │
│ │                              │   │   │   'like': array(0.50446686)       │ │
│ │                              │   │   },                                  │ │
│ │                              │   │   {                                   │ │
│ │                              │   │   │   'weights_simplex__':            │ │
│ │                              array([0.28261264, 0.13673263]),            │ │
│ │                              │   │   │   'mus': array([-0.66293747,      │ │
│ │                              -0.09931456, -0.7070399 ]),                 │ │
│ │                              │   │   │   'like': array(-0.13178478)      │ │
│ │                              │   │   },                                  │ │
│ │                              │   │   {                                   │ │
│ │                              │   │   │   'weights_simplex__':            │ │
│ │                              array([-0.66830328, -0.94841908]),          │ │
│ │                              │   │   │   'mus': array([0.34551043,       │ │
│ │                              0.02763343, 0.6224862 ]),                   │ │
│ │                              │   │   │   'like': array(-0.03747515)      │ │
│ │                              │   │   },                                  │ │
│ │                              │   │   {                                   │ │
│ │                              │   │   │   'weights_simplex__':            │ │
│ │                              array([-0.94329223, -0.01195209]),          │ │
│ │                              │   │   │   'mus': array([-0.91310845,      │ │
│ │                              -0.86821851,  0.53595556]),                 │ │
│ │                              │   │   │   'like': array(-0.51749246)      │ │
│ │                              │   │   },                                  │ │
│ │                              │   │   {                                   │ │
│ │                              │   │   │   'weights_simplex__':            │ │
│ │                              array([0.56459867, 0.50839863]),            │ │
│ │                              │   │   │   'mus': array([ 0.45449352,      │ │
│ │                              0.35216921, -0.46197237]),                  │ │
│ │                              │   │   │   'like': array(1.18458598)       │ │
│ │                              │   │   },                                  │ │
│ │                              │   │   {                                   │ │
│ │                              │   │   │   'weights_simplex__': array([    │ │
│ │                              0.96136846, -0.08869797]),                  │ │
│ │                              │   │   │   'mus': array([-0.76624107,      │ │
│ │                              0.80284052, -0.77858428]),                  │ │
│ │                              │   │   │   'like': array(-0.07725255)      │ │
│ │                              │   │   },                                  │ │
│ │                              │   │   {                                   │ │
│ │                              │   │   │   'weights_simplex__': array([    │ │
│ │                              0.14230053, -0.08159719]),                  │ │
│ │                              │   │   │   'mus': array([ 0.73833732,      │ │
│ │                              -0.11585382,  0.49475903]),                 │ │
│ │                              │   │   │   'like': array(-0.54105651)      │ │
│ │                              │   │   },                                  │ │
│ │                              │   │   ... +6                              │ │
│ │                              │   ],                                      │ │
│ │                              │   'traces': [                             │ │
│ │                              │   │   <pymc.backends.ndarray.NDArray      │ │
│ │                              object at 0x7fdf4304c670>,                  │ │
│ │                              │   │   <pymc.backends.ndarray.NDArray      │ │
│ │                              object at 0x7fdf4304fdf0>,                  │ │
│ │                              │   │   <pymc.backends.ndarray.NDArray      │ │
│ │                              object at 0x7fdf4304dde0>,                  │ │
│ │                              │   │   <pymc.backends.ndarray.NDArray      │ │
│ │                              object at 0x7fdf81376260>,                  │ │
│ │                              │   │   <pymc.backends.ndarray.NDArray      │ │
│ │                              object at 0x7fdf42fa7490>,                  │ │
│ │                              │   │   <pymc.backends.ndarray.NDArray      │ │
│ │                              object at 0x7fdf81139810>,                  │ │
│ │                              │   │   <pymc.backends.ndarray.NDArray      │ │
│ │                              object at 0x7fdf423d42e0>,                  │ │
│ │                              │   │   <pymc.backends.ndarray.NDArray      │ │
│ │                              object at 0x7fdf423c3c70>,                  │ │
│ │                              │   │   <pymc.backends.ndarray.NDArray      │ │
│ │                              object at 0x7fdf42439b10>,                  │ │
│ │                              │   │   <pymc.backends.ndarray.NDArray      │ │
│ │                              object at 0x7fdf42451de0>,                  │ │
│ │                              │   │   ... +6                              │ │
│ │                              │   ],                                      │ │
│ │                              │   'chains': 16,                           │ │
│ │                              │   'tune': 1000,                           │ │
│ │                              │   'var_names': None,                      │ │
│ │                              │   'progressbar': False,                   │ │
│ │                              │   'progressbar_theme': None,              │ │
│ │                              │   'model': <pymc.model.core.Model object  │ │
│ │                              at 0x7fdf8af5d900>,                         │ │
│ │                              │   ... +6                                  │ │
│ │                              }                                           │ │
│ │             selected_steps = {                                           │ │
│ │                              │   <class                                  │ │
│ │                              'pymc.step_methods.hmc.nuts.NUTS'>: [       │ │
│ │                              │   │   weights_simplex__,                  │ │
│ │                              │   │   mus,                                │ │
│ │                              │   │   like                                │ │
│ │                              │   ]                                       │ │
│ │                              }                                           │ │
│ │                       step = <pymc.step_methods.hmc.nuts.NUTS object at  │ │
│ │                              0x7fdf4304ccd0>                             │ │
│ │                    t_start = 1750341457.0402462                          │ │
│ │                      trace = None                                        │ │
│ │                 trace_vars = None                                        │ │
│ │                     traces = [                                           │ │
│ │                              │   <pymc.backends.ndarray.NDArray object   │ │
│ │                              at 0x7fdf4304c670>,                         │ │
│ │                              │   <pymc.backends.ndarray.NDArray object   │ │
│ │                              at 0x7fdf4304fdf0>,                         │ │
│ │                              │   <pymc.backends.ndarray.NDArray object   │ │
│ │                              at 0x7fdf4304dde0>,                         │ │
│ │                              │   <pymc.backends.ndarray.NDArray object   │ │
│ │                              at 0x7fdf81376260>,                         │ │
│ │                              │   <pymc.backends.ndarray.NDArray object   │ │
│ │                              at 0x7fdf42fa7490>,                         │ │
│ │                              │   <pymc.backends.ndarray.NDArray object   │ │
│ │                              at 0x7fdf81139810>,                         │ │
│ │                              │   <pymc.backends.ndarray.NDArray object   │ │
│ │                              at 0x7fdf423d42e0>,                         │ │
│ │                              │   <pymc.backends.ndarray.NDArray object   │ │
│ │                              at 0x7fdf423c3c70>,                         │ │
│ │                              │   <pymc.backends.ndarray.NDArray object   │ │
│ │                              at 0x7fdf42439b10>,                         │ │
│ │                              │   <pymc.backends.ndarray.NDArray object   │ │
│ │                              at 0x7fdf42451de0>,                         │ │
│ │                              │   ... +6                                  │ │
│ │                              ]                                           │ │
│ │                       tune = 1000                                        │ │
│ │                  var_names = None                                        │ │
│ ╰──────────────────────────────────────────────────────────────────────────╯ │
│                                                                              │
│ /mnt/hpc/work/kdruscit/singular-learning-theory/code/python/.venv/lib/python │
│ 3.10/site-packages/pymc/sampling/mcmc.py:1419 in _mp_sample                  │
│                                                                              │
│   1416 │   │   │   │   │   log_warning_stats(draw.stats)                     │
│   1417 │   │   │   │   │                                                     │
│   1418 │   │   │   │   │   if callback is not None:                          │
│ ❱ 1419 │   │   │   │   │   │   callback(trace=strace, draw=draw)             │
│   1420 │   │                                                                 │
│   1421 │   │   except ps.ParallelSamplingError as error:                     │
│   1422 │   │   │   for strace in traces:                                     │
│                                                                              │
│ ╭───────────────────────────────── locals ─────────────────────────────────╮ │
│ │        blas_cores = 16                                                   │ │
│ │          callback = <estimation.mixnorm.ksigma.pymc_tools.ClusterFriend… │ │
│ │                     object at 0x7fdf845ce230>                            │ │
│ │            chains = 16                                                   │ │
│ │             cores = 16                                                   │ │
│ │              draw = Draw(                                                │ │
│ │                     │   chain=9,                                         │ │
│ │                     │   is_last=False,                                   │ │
│ │                     │   draw_idx=1249,                                   │ │
│ │                     │   tuning=False,                                    │ │
│ │                     │   stats=[                                          │ │
│ │                     │   │   {                                            │ │
│ │                     │   │   │   'tune': False,                           │ │
│ │                     │   │   │   'diverging': False,                      │ │
│ │                     │   │   │   'perf_counter_diff': 0.774080216884613,  │ │
│ │                     │   │   │   'process_time_diff':                     │ │
│ │                     0.09807881000000407,                                 │ │
│ │                     │   │   │   'perf_counter_start': 4658879.885688312, │ │
│ │                     │   │   │   'warning': None,                         │ │
│ │                     │   │   │   'depth': 8,                              │ │
│ │                     │   │   │   'mean_tree_accept':                      │ │
│ │                     np.float64(0.9887213239013584),                      │ │
│ │                     │   │   │   'energy_error':                          │ │
│ │                     np.float64(-0.03540498936166614),                    │ │
│ │                     │   │   │   'energy': np.float64(222.9022825900376), │ │
│ │                     │   │   │   ... +9                                   │ │
│ │                     │   │   }                                            │ │
│ │                     │   ],                                               │ │
│ │                     │   point={                                          │ │
│ │                     │   │   'weights_simplex__': array([-1.66300119,     │ │
│ │                     -6.92717011]),                                       │ │
│ │                     │   │   'mus': array([-2.03917929, -3.44980895,      │ │
│ │                     0.23326235]),                                        │ │
│ │                     │   │   'like': array(0.51712084)                    │ │
│ │                     │   }                                                │ │
│ │                     )                                                    │ │
│ │             draws = 5000                                                 │ │
│ │            kwargs = {                                                    │ │
│ │                     │   'var_names': None,                               │ │
│ │                     │   'discard_tuned_samples': True,                   │ │
│ │                     │   'max_treedepth': 50,                             │ │
│ │                     │   'target_accept': 0.995                           │ │
│ │                     }                                                    │ │
│ │             model = <pymc.model.core.Model object at 0x7fdf8af5d900>     │ │
│ │            mp_ctx = None                                                 │ │
│ │       progressbar = False                                                │ │
│ │ progressbar_theme = None                                                 │ │
│ │                ps = <module 'pymc.sampling.parallel' from                │ │
│ │                     '/mnt/hpc/work/kdruscit/singular-learning-theory/co… │ │
│ │              rngs = [                                                    │ │
│ │                     │   Generator(PCG64) at 0x7FDF84736420,              │ │
│ │                     │   Generator(PCG64) at 0x7FDF84736340,              │ │
│ │                     │   Generator(PCG64) at 0x7FDF847360A0,              │ │
│ │                     │   Generator(PCG64) at 0x7FDF84736180,              │ │
│ │                     │   Generator(PCG64) at 0x7FDF84735EE0,              │ │
│ │                     │   Generator(PCG64) at 0x7FDF84735FC0,              │ │
│ │                     │   Generator(PCG64) at 0x7FDF84735A80,              │ │
│ │                     │   Generator(PCG64) at 0x7FDF84735D20,              │ │
│ │                     │   Generator(PCG64) at 0x7FDF84735B60,              │ │
│ │                     │   Generator(PCG64) at 0x7FDF84735E00,              │ │
│ │                     │   ... +6                                           │ │
│ │                     ]                                                    │ │
│ │           sampler = <pymc.sampling.parallel.ParallelSampler object at    │ │
│ │                     0x7fdf81112fe0>                                      │ │
│ │             start = [                                                    │ │
│ │                     │   {                                                │ │
│ │                     │   │   'weights_simplex__': array([-0.20396848,     │ │
│ │                     -0.6034589 ]),                                       │ │
│ │                     │   │   'mus': array([-0.81829729, -0.67311502,      │ │
│ │                     0.56803619]),                                        │ │
│ │                     │   │   'like': array(0.21391856)                    │ │
│ │                     │   },                                               │ │
│ │                     │   {                                                │ │
│ │                     │   │   'weights_simplex__': array([0.19817324,      │ │
│ │                     0.11104063]),                                        │ │
│ │                     │   │   'mus': array([ 0.37785995, -0.96612332,      │ │
│ │                     0.51405329]),                                        │ │
│ │                     │   │   'like': array(0.27981684)                    │ │
│ │                     │   },                                               │ │
│ │                     │   {                                                │ │
│ │                     │   │   'weights_simplex__': array([ 0.60636698,     │ │
│ │                     -0.69693012]),                                       │ │
│ │                     │   │   'mus': array([-0.49314462,  0.88488377,      │ │
│ │                     0.23514245]),                                        │ │
│ │                     │   │   'like': array(-0.89887904)                   │ │
│ │                     │   },                                               │ │
│ │                     │   {                                                │ │
│ │                     │   │   'weights_simplex__': array([ 0.39099186,     │ │
│ │                     -0.56231694]),                                       │ │
│ │                     │   │   'mus': array([ 0.41139561, -0.46012028,      │ │
│ │                     -0.54919024]),                                       │ │
│ │                     │   │   'like': array(0.50446686)                    │ │
│ │                     │   },                                               │ │
│ │                     │   {                                                │ │
│ │                     │   │   'weights_simplex__': array([0.28261264,      │ │
│ │                     0.13673263]),                                        │ │
│ │                     │   │   'mus': array([-0.66293747, -0.09931456,      │ │
│ │                     -0.7070399 ]),                                       │ │
│ │                     │   │   'like': array(-0.13178478)                   │ │
│ │                     │   },                                               │ │
│ │                     │   {                                                │ │
│ │                     │   │   'weights_simplex__': array([-0.66830328,     │ │
│ │                     -0.94841908]),                                       │ │
│ │                     │   │   'mus': array([0.34551043, 0.02763343,        │ │
│ │                     0.6224862 ]),                                        │ │
│ │                     │   │   'like': array(-0.03747515)                   │ │
│ │                     │   },                                               │ │
│ │                     │   {                                                │ │
│ │                     │   │   'weights_simplex__': array([-0.94329223,     │ │
│ │                     -0.01195209]),                                       │ │
│ │                     │   │   'mus': array([-0.91310845, -0.86821851,      │ │
│ │                     0.53595556]),                                        │ │
│ │                     │   │   'like': array(-0.51749246)                   │ │
│ │                     │   },                                               │ │
│ │                     │   {                                                │ │
│ │                     │   │   'weights_simplex__': array([0.56459867,      │ │
│ │                     0.50839863]),                                        │ │
│ │                     │   │   'mus': array([ 0.45449352,  0.35216921,      │ │
│ │                     -0.46197237]),                                       │ │
│ │                     │   │   'like': array(1.18458598)                    │ │
│ │                     │   },                                               │ │
│ │                     │   {                                                │ │
│ │                     │   │   'weights_simplex__': array([ 0.96136846,     │ │
│ │                     -0.08869797]),                                       │ │
│ │                     │   │   'mus': array([-0.76624107,  0.80284052,      │ │
│ │                     -0.77858428]),                                       │ │
│ │                     │   │   'like': array(-0.07725255)                   │ │
│ │                     │   },                                               │ │
│ │                     │   {                                                │ │
│ │                     │   │   'weights_simplex__': array([ 0.14230053,     │ │
│ │                     -0.08159719]),                                       │ │
│ │                     │   │   'mus': array([ 0.73833732, -0.11585382,      │ │
│ │                     0.49475903]),                                        │ │
│ │                     │   │   'like': array(-0.54105651)                   │ │
│ │                     │   },                                               │ │
│ │                     │   ... +6                                           │ │
│ │                     ]                                                    │ │
│ │              step = <pymc.step_methods.hmc.nuts.NUTS object at           │ │
│ │                     0x7fdf4304ccd0>                                      │ │
│ │            strace = <pymc.backends.ndarray.NDArray object at             │ │
│ │                     0x7fdf42304ac0>                                      │ │
│ │            traces = [                                                    │ │
│ │                     │   <pymc.backends.ndarray.NDArray object at         │ │
│ │                     0x7fdf4304c670>,                                     │ │
│ │                     │   <pymc.backends.ndarray.NDArray object at         │ │
│ │                     0x7fdf4304fdf0>,                                     │ │
│ │                     │   <pymc.backends.ndarray.NDArray object at         │ │
│ │                     0x7fdf4304dde0>,                                     │ │
│ │                     │   <pymc.backends.ndarray.NDArray object at         │ │
│ │                     0x7fdf81376260>,                                     │ │
│ │                     │   <pymc.backends.ndarray.NDArray object at         │ │
│ │                     0x7fdf42fa7490>,                                     │ │
│ │                     │   <pymc.backends.ndarray.NDArray object at         │ │
│ │                     0x7fdf81139810>,                                     │ │
│ │                     │   <pymc.backends.ndarray.NDArray object at         │ │
│ │                     0x7fdf423d42e0>,                                     │ │
│ │                     │   <pymc.backends.ndarray.NDArray object at         │ │
│ │                     0x7fdf423c3c70>,                                     │ │
│ │                     │   <pymc.backends.ndarray.NDArray object at         │ │
│ │                     0x7fdf42439b10>,                                     │ │
│ │                     │   <pymc.backends.ndarray.NDArray object at         │ │
│ │                     0x7fdf42451de0>,                                     │ │
│ │                     │   ... +6                                           │ │
│ │                     ]                                                    │ │
│ │              tune = 1000                                                 │ │
│ │       zarr_chains = None                                                 │ │
│ │    zarr_recording = False                                                │ │
│ ╰──────────────────────────────────────────────────────────────────────────╯ │
│                                                                              │
│ /mnt/hpc/work/kdruscit/singular-learning-theory/code/python/estimation/mixno │
│ rm/ksigma/pymc_tools.py:45 in __call__                                       │
│                                                                              │
│   42 │   │   │   # print(trace.report)                                       │
│   43 │   │   │                                                               │
│   44 │   │   │   multitrace = MultiTrace(list(self.traces.values()))         │
│ ❱ 45 │   │   │   if rhat(multitrace).to_array().max() < self.max_rhat:       │
│   46 │   │   │   │   raise KeyboardInterrupt                                 │
│   47                                                                         │
│   48                                                                         │
│                                                                              │
│ ╭───────────────────────────────── locals ─────────────────────────────────╮ │
│ │   chain_id = 9                                                           │ │
│ │       draw = Draw(                                                       │ │
│ │              │   chain=9,                                                │ │
│ │              │   is_last=False,                                          │ │
│ │              │   draw_idx=1249,                                          │ │
│ │              │   tuning=False,                                           │ │
│ │              │   stats=[                                                 │ │
│ │              │   │   {                                                   │ │
│ │              │   │   │   'tune': False,                                  │ │
│ │              │   │   │   'diverging': False,                             │ │
│ │              │   │   │   'perf_counter_diff': 0.774080216884613,         │ │
│ │              │   │   │   'process_time_diff': 0.09807881000000407,       │ │
│ │              │   │   │   'perf_counter_start': 4658879.885688312,        │ │
│ │              │   │   │   'warning': None,                                │ │
│ │              │   │   │   'depth': 8,                                     │ │
│ │              │   │   │   'mean_tree_accept':                             │ │
│ │              np.float64(0.9887213239013584),                             │ │
│ │              │   │   │   'energy_error':                                 │ │
│ │              np.float64(-0.03540498936166614),                           │ │
│ │              │   │   │   'energy': np.float64(222.9022825900376),        │ │
│ │              │   │   │   ... +9                                          │ │
│ │              │   │   }                                                   │ │
│ │              │   ],                                                      │ │
│ │              │   point={                                                 │ │
│ │              │   │   'weights_simplex__': array([-1.66300119,            │ │
│ │              -6.92717011]),                                              │ │
│ │              │   │   'mus': array([-2.03917929, -3.44980895,             │ │
│ │              0.23326235]),                                               │ │
│ │              │   │   'like': array(0.51712084)                           │ │
│ │              │   }                                                       │ │
│ │              )                                                           │ │
│ │ multitrace = <MultiTrace: 16 chains, 1110 iterations, 4 variables>       │ │
│ │ perf_diffs = array([0.02159658, 0.00072191, 0.06563152, ..., 0.        , │ │
│ │              0.        ,                                                 │ │
│ │              │      0.        ], shape=(6000,))                          │ │
│ │       self = <estimation.mixnorm.ksigma.pymc_tools.ClusterFriendlyCallb… │ │
│ │              object at 0x7fdf845ce230>                                   │ │
│ │ total_time = np.float64(553.6066776700318)                               │ │
│ │      trace = <pymc.backends.ndarray.NDArray object at 0x7fdf42451de0>    │ │
│ ╰──────────────────────────────────────────────────────────────────────────╯ │
│                                                                              │
│ /mnt/hpc/work/kdruscit/singular-learning-theory/code/python/.venv/lib/python │
│ 3.10/site-packages/arviz/stats/diagnostics.py:334 in rhat                    │
│                                                                              │
│    331 │   │   )                                                             │
│    332 │   │   raise TypeError(msg)                                          │
│    333 │                                                                     │
│ ❱  334 │   dataset = convert_to_dataset(data, group="posterior")             │
│    335 │   var_names = _var_names(var_names, dataset)                        │
│    336 │                                                                     │
│    337 │   dataset = dataset if var_names is None else dataset[var_names]    │
│                                                                              │
│ ╭───────────────────────────────── locals ─────────────────────────────────╮ │
│ │ dask_kwargs = None                                                       │ │
│ │        data = <MultiTrace: 16 chains, 1110 iterations, 4 variables>      │ │
│ │      method = 'rank'                                                     │ │
│ │     methods = {                                                          │ │
│ │               │   'rank': <function _rhat_rank at 0x7fdf852c5ea0>,       │ │
│ │               │   'split': <function _rhat_split at 0x7fdf852c6050>,     │ │
│ │               │   'folded': <function _rhat_folded at 0x7fdf852c5f30>,   │ │
│ │               │   'z_scale': <function _rhat_z_scale at 0x7fdf852c5fc0>, │ │
│ │               │   'identity': <function _rhat_identity at                │ │
│ │               0x7fdf852c60e0>                                            │ │
│ │               }                                                          │ │
│ │   var_names = None                                                       │ │
│ ╰──────────────────────────────────────────────────────────────────────────╯ │
│                                                                              │
│ /mnt/hpc/work/kdruscit/singular-learning-theory/code/python/.venv/lib/python │
│ 3.10/site-packages/arviz/data/converters.py:185 in convert_to_dataset        │
│                                                                              │
│   182 │   -------                                                            │
│   183 │   xarray.Dataset                                                     │
│   184 │   """                                                                │
│ ❱ 185 │   inference_data = convert_to_inference_data(obj, group=group, coord │
│   186 │   dataset = getattr(inference_data, group, None)                     │
│   187 │   if dataset is None:                                                │
│   188 │   │   raise ValueError(                                              │
│                                                                              │
│ ╭──────────────────────────── locals ────────────────────────────╮           │
│ │ coords = None                                                  │           │
│ │   dims = None                                                  │           │
│ │  group = 'posterior'                                           │           │
│ │    obj = <MultiTrace: 16 chains, 1110 iterations, 4 variables> │           │
│ ╰────────────────────────────────────────────────────────────────╯           │
│                                                                              │
│ /mnt/hpc/work/kdruscit/singular-learning-theory/code/python/.venv/lib/python │
│ 3.10/site-packages/arviz/data/converters.py:139 in convert_to_inference_data │
│                                                                              │
│   136 │   │   │   "cmdstan fit csv filename",                                │
│   137 │   │   │   "cmdstanpy fit",                                           │
│   138 │   │   )                                                              │
│ ❱ 139 │   │   raise ValueError(                                              │
│   140 │   │   │   f'Can only convert {", ".join(allowable_types)} to Inferen │
│   141 │   │   │   f"not {obj.__class__.__name__}"                            │
│   142 │   │   )                                                              │
│                                                                              │
│ ╭───────────────────────────────── locals ─────────────────────────────────╮ │
│ │ allowable_types = (                                                      │ │
│ │                   │   'xarray dataarray',                                │ │
│ │                   │   'xarray dataset',                                  │ │
│ │                   │   'dict',                                            │ │
│ │                   │   "pytree (if 'dm-tree' is installed)",              │ │
│ │                   │   'netcdf filename',                                 │ │
│ │                   │   'numpy array',                                     │ │
│ │                   │   'pystan fit',                                      │ │
│ │                   │   'emcee fit',                                       │ │
│ │                   │   'pyro mcmc fit',                                   │ │
│ │                   │   'numpyro mcmc fit',                                │ │
│ │                   │   ... +2                                             │ │
│ │                   )                                                      │ │
│ │          coords = None                                                   │ │
│ │            dims = None                                                   │ │
│ │           group = 'posterior'                                            │ │
│ │          kwargs = {                                                      │ │
│ │                   │   'posterior': <MultiTrace: 16 chains, 1110          │ │
│ │                   iterations, 4 variables>,                              │ │
│ │                   │   'coords': None,                                    │ │
│ │                   │   'dims': None                                       │ │
│ │                   }                                                      │ │
│ │             obj = <MultiTrace: 16 chains, 1110 iterations, 4 variables>  │ │
│ ╰──────────────────────────────────────────────────────────────────────────╯ │
╰──────────────────────────────────────────────────────────────────────────────╯
ValueError: Can only convert xarray dataarray, xarray dataset, dict, pytree (if 
'dm-tree' is installed), netcdf filename, numpy array, pystan fit, emcee fit, 
pyro mcmc fit, numpyro mcmc fit, cmdstan fit csv filename, cmdstanpy fit to 
InferenceData, not MultiTrace
srun: error: hpc-pr3-02: task 0: Exited with exit code 1
